Component: ARM Compiler 5.06 update 7 (build 960) Tool: armlink [4d3601]

==============================================================================

Section Cross References

    main.o(.text) refers to _printf_pad.o(.text) for _printf_pre_padding
    main.o(.text) refers to _printf_percent.o(.ARM.Collect$$_printf_percent$$00000000) for _printf_percent
    main.o(.text) refers to _printf_d.o(.ARM.Collect$$_printf_percent$$00000009) for _printf_d
    main.o(.text) refers to _printf_x.o(.ARM.Collect$$_printf_percent$$0000000C) for _printf_x
    main.o(.text) refers to _printf_dec.o(.text) for _printf_int_dec
    main.o(.text) refers to _printf_hex_int.o(.text) for _printf_longlong_hex
    main.o(.text) refers to os_task.o(.text) for OSTaskQPend
    main.o(.text) refers to can.o(.text) for can2_data_packet
    main.o(.text) refers to delay.o(.text) for delay_ms
    main.o(.text) refers to usart.o(.text) for screen_ack
    main.o(.text) refers to os_tmr.o(.text) for OSTmrStart
    main.o(.text) refers to os_time.o(.text) for OSTimeDlyHMSM
    main.o(.text) refers to iwdg.o(.text) for IWDG_Feed
    main.o(.text) refers to alarm.o(.text) for handle_led
    main.o(.text) refers to io.o(.text) for read_io
    main.o(.text) refers to rt_memclr_w.o(.text) for __aeabi_memclr4
    main.o(.text) refers to noretval__2sprintf.o(.text) for __2sprintf
    main.o(.text) refers to can.o(.bss) for can2_tbuf
    main.o(.text) refers to can.o(.data) for canid_tx
    main.o(.text) refers to alarm.o(.data) for warning_code
    main.o(.text) refers to main.o(.bss) for tmr1
    main.o(.text) refers to main.o(.data) for test_buf
    main.o(.text) refers to bq32000.o(.data) for CSUtime
    main.o(.text) refers to ff.o(.text) for f_mount
    main.o(.text) refers to strlen.o(.text) for strlen
    main.o(.text) refers to bq32000.o(.text) for Get_CSU_time
    main.o(.text) refers to cpu_core.o(.text) for CPU_Init
    main.o(.text) refers to os_stat.o(.text) for OSStatTaskCPUUsageInit
    main.o(.text) refers to os_core.o(.text) for OSSchedRoundRobinCfg
    main.o(.text) refers to main.o(.conststring) for .conststring
    main.o(.text) refers to exfuns.o(.bss) for fs
    main.o(.text) refers to exfuns.o(.data) for bw
    main.o(.text) refers to io.o(.data) for statio
    main.o(.text) refers to cpu_a.o(.text) for CPU_SR_Save
    main.o(.text) refers to 24cxx.o(.text) for eeprom_buffer_read
    main.o(.text) refers to strcpy.o(.text) for strcpy
    main.o(.text) refers to sdio_sdcard.o(.text) for SD_Init
    main.o(.text) refers to exfuns.o(.text) for exfuns_init
    main.o(.text) refers to misc.o(.text) for NVIC_PriorityGroupConfig
    main.o(.text) refers to malloc.o(.text) for mymem_init
    system_stm32f4xx.o(.text) refers to system_stm32f4xx.o(.data) for SystemCoreClock
    timer.o(.text) refers to stm32f4xx_rcc.o(.text) for RCC_APB1PeriphClockCmd
    timer.o(.text) refers to stm32f4xx_tim.o(.text) for TIM_TimeBaseInit
    timer.o(.text) refers to misc.o(.text) for NVIC_Init
    sram.o(.text) refers to stm32f4xx_rcc.o(.text) for RCC_AHB1PeriphClockCmd
    sram.o(.text) refers to stm32f4xx_gpio.o(.text) for GPIO_Init
    sram.o(.text) refers to stm32f4xx_fsmc.o(.text) for FSMC_NORSRAMInit
    lan8720.o(.text) refers to stm32f4xx_rcc.o(.text) for RCC_AHB1PeriphClockCmd
    lan8720.o(.text) refers to stm32f4x7_eth.o(.text) for ETH_DeInit
    lan8720.o(.text) refers to misc.o(.text) for NVIC_Init
    lan8720.o(.text) refers to stm32f4xx_syscfg.o(.text) for SYSCFG_ETH_MediaInterfaceConfig
    lan8720.o(.text) refers to stm32f4xx_gpio.o(.text) for GPIO_Init
    lan8720.o(.text) refers to delay.o(.text) for delay_ms
    lan8720.o(.text) refers to lwip_comm.o(.text) for lwip_pkt_handle
    lan8720.o(.text) refers to malloc.o(.text) for myfree
    lan8720.o(.text) refers to stm32f4x7_eth.o(.data) for DMARxDescToGet
    lan8720.o(.text) refers to lan8720.o(.data) for DMARxDscrTab
    can.o(.text) refers to stm32f4xx_rcc.o(.text) for RCC_AHB1PeriphClockCmd
    can.o(.text) refers to stm32f4xx_gpio.o(.text) for GPIO_Init
    can.o(.text) refers to stm32f4xx_can.o(.text) for CAN_Init
    can.o(.text) refers to misc.o(.text) for NVIC_Init
    can.o(.text) refers to rt_memclr.o(.text) for __aeabi_memclr
    can.o(.text) refers to can.o(.data) for canid_tx
    can.o(.text) refers to can.o(.bss) for SetPTCData
    can.o(.text) refers to os_core.o(.text) for OSIntEnter
    can.o(.text) refers to rt_memclr_w.o(.text) for __aeabi_memclr4
    can.o(.text) refers to delay.o(.text) for delay_ms
    24cxx.o(.text) refers to myiic.o(.text) for IIC_Init
    24cxx.o(.text) refers to delay.o(.text) for delay_ms
    alarm.o(.text) refers to alarm.o(.data) for System_State
    myiic.o(.text) refers to stm32f4xx_rcc.o(.text) for RCC_AHB1PeriphClockCmd
    myiic.o(.text) refers to stm32f4xx_gpio.o(.text) for GPIO_Init
    myiic.o(.text) refers to delay.o(.text) for delay_us
    io.o(.text) refers to stm32f4xx_rcc.o(.text) for RCC_AHB1PeriphClockCmd
[...]
    OS_SchedLockTimeMeasStop                 0x0801db89   Thumb Code    44  os_core.o(.text)
    OSSchedUnlock                            0x0801dbb5   Thumb Code   288  os_core.o(.text)
    OSSchedRoundRobinCfg                     0x0801dcd5   Thumb Code    88  os_core.o(.text)
    OS_RdyListMoveHeadToTail                 0x0801dd2d   Thumb Code    68  os_core.o(.text)
    OSSchedRoundRobinYield                   0x0801dd71   Thumb Code   164  os_core.o(.text)
    OSStart                                  0x0801de15   Thumb Code    78  os_core.o(.text)
    OSVersion                                0x0801de63   Thumb Code    12  os_core.o(.text)
    OS_PendDbgNameAdd                        0x0801de6f   Thumb Code    66  os_core.o(.text)
    OS_PendListInsertPrio                    0x0801deb1   Thumb Code   102  os_core.o(.text)
    OS_PendDataInit                          0x0801df17   Thumb Code    38  os_core.o(.text)
    OS_RdyListRemove                         0x0801df3d   Thumb Code    86  os_core.o(.text)
    OS_TaskBlock                             0x0801df93   Thumb Code    56  os_core.o(.text)
    OS_Pend                                  0x0801dfcb   Thumb Code    98  os_core.o(.text)
    OS_PendListRemove1                       0x0801e02d   Thumb Code   136  os_core.o(.text)
    OS_PendListRemove                        0x0801e0b5   Thumb Code    48  os_core.o(.text)
    OS_PendAbort1                            0x0801e0e5   Thumb Code    36  os_core.o(.text)
    OS_RdyListInsertHead                     0x0801e109   Thumb Code    58  os_core.o(.text)
    OS_RdyListInsertTail                     0x0801e143   Thumb Code    56  os_core.o(.text)
    OS_RdyListInsert                         0x0801e17b   Thumb Code    40  os_core.o(.text)
    OS_TaskRdy                               0x0801e1a3   Thumb Code    28  os_core.o(.text)
    OS_PendAbort                             0x0801e1bf   Thumb Code   166  os_core.o(.text)
    OS_PendDbgNameRemove                     0x0801e265   Thumb Code    34  os_core.o(.text)
    OS_PendListChangePrio                    0x0801e287   Thumb Code    70  os_core.o(.text)
    OS_PendListInit                          0x0801e2cd   Thumb Code    10  os_core.o(.text)
    OS_PendListInsertHead                    0x0801e2d7   Thumb Code    32  os_core.o(.text)
    OS_PendObjDel1                           0x0801e2f7   Thumb Code    36  os_core.o(.text)
    OS_PendObjDel                            0x0801e31b   Thumb Code   162  os_core.o(.text)
    OS_Post1                                 0x0801e3bd   Thumb Code    42  os_core.o(.text)
    OS_Post                                  0x0801e3e7   Thumb Code   192  os_core.o(.text)
    OS_SchedRoundRobin                       0x0801e4a7   Thumb Code   208  os_core.o(.text)
    OS_Dbg_Init                              0x0801e581   Thumb Code   144  os_dbg.o(.text)
    OS_FlagDbgListAdd                        0x0801e729   Thumb Code    38  os_flag.o(.text)
    OSFlagCreate                             0x0801e74f   Thumb Code   116  os_flag.o(.text)
    OS_FlagClr                               0x0801e7c3   Thumb Code    28  os_flag.o(.text)
    OS_FlagDbgListRemove                     0x0801e7df   Thumb Code    44  os_flag.o(.text)
    OSFlagDel                                0x0801e80b   Thumb Code   306  os_flag.o(.text)
    OS_FlagBlock                             0x0801e93d   Thumb Code    58  os_flag.o(.text)
    OSFlagPend                               0x0801e977   Thumb Code  1248  os_flag.o(.text)
    OSFlagPendAbort                          0x0801ee57   Thumb Code   236  os_flag.o(.text)
    OSFlagPendGetFlagsRdy                    0x0801ef43   Thumb Code    86  os_flag.o(.text)
    OS_FlagTaskRdy                           0x0801ef99   Thumb Code    86  os_flag.o(.text)
    OS_FlagPost                              0x0801efef   Thumb Code   418  os_flag.o(.text)
    OSFlagPost                               0x0801f191   Thumb Code   112  os_flag.o(.text)
    OS_FlagInit                              0x0801f201   Thumb Code    14  os_flag.o(.text)
    OS_MemDbgListAdd                         0x0801f221   Thumb Code    34  os_mem.o(.text)
    OSMemCreate                              0x0801f243   Thumb Code   232  os_mem.o(.text)
    OSMemGet                                 0x0801f32b   Thumb Code   100  os_mem.o(.text)
    OSMemPut                                 0x0801f38f   Thumb Code   112  os_mem.o(.text)
    OS_MemInit                               0x0801f3ff   Thumb Code    14  os_mem.o(.text)
    OS_MsgPoolCreate                         0x0801f41d   Thumb Code    54  os_msg.o(.text)
    OS_MsgPoolInit                           0x0801f453   Thumb Code    70  os_msg.o(.text)
    OS_MsgQFreeAll                           0x0801f499   Thumb Code    62  os_msg.o(.text)
    OS_MsgQInit                              0x0801f4d7   Thumb Code    14  os_msg.o(.text)
    OS_MsgQGet                               0x0801f4e5   Thumb Code    98  os_msg.o(.text)
    OS_MsgQPut                               0x0801f547   Thumb Code   246  os_msg.o(.text)
    OS_MutexDbgListAdd                       0x0801f649   Thumb Code    38  os_mutex.o(.text)
    OSMutexCreate                            0x0801f66f   Thumb Code   122  os_mutex.o(.text)
    OS_MutexClr                              0x0801f6e9   Thumb Code    38  os_mutex.o(.text)
    OS_MutexDbgListRemove                    0x0801f70f   Thumb Code    44  os_mutex.o(.text)
    OSMutexDel                               0x0801f73b   Thumb Code   442  os_mutex.o(.text)
    OSMutexPend                              0x0801f8f5   Thumb Code   618  os_mutex.o(.text)
    OSMutexPendAbort                         0x0801fb5f   Thumb Code   236  os_mutex.o(.text)
    OSMutexPost                              0x0801fc4b   Thumb Code   354  os_mutex.o(.text)
    OS_MutexInit                             0x0801fdad   Thumb Code    14  os_mutex.o(.text)
    OS_PrioInit                              0x0801fdd5   Thumb Code    20  os_prio.o(.text)
    OS_PrioGetHighest                        0x0801fde9   Thumb Code    36  os_prio.o(.text)
    OS_PrioInsert                            0x0801fe0d   Thumb Code    32  os_prio.o(.text)
    OS_PrioRemove                            0x0801fe2d   Thumb Code    32  os_prio.o(.text)
    OS_QDbgListAdd                           0x0801fe51   Thumb Code    38  os_q.o(.text)
    OSQCreate                                0x0801fe77   Thumb Code   130  os_q.o(.text)
    OS_QClr                                  0x0801fef9   Thumb Code    40  os_q.o(.text)
    OS_QDbgListRemove                        0x0801ff21   Thumb Code    44  os_q.o(.text)
    OSQDel                                   0x0801ff4d   Thumb Code   306  os_q.o(.text)
    OSQFlush                                 0x0802007f   Thumb Code   106  os_q.o(.text)
    OSQPend                                  0x080200e9   Thumb Code   484  os_q.o(.text)
    OSQPendAbort                             0x080202cd   Thumb Code   236  os_q.o(.text)
    OS_QPost                                 0x080203b9   Thumb Code   190  os_q.o(.text)
    OSQPost                                  0x08020477   Thumb Code   144  os_q.o(.text)
    OS_QInit                                 0x08020507   Thumb Code    14  os_q.o(.text)
    OS_SemDbgListAdd                         0x08020529   Thumb Code    38  os_sem.o(.text)
    OSSemCreate                              0x0802054f   Thumb Code   116  os_sem.o(.text)
    OS_SemClr                                0x080205c3   Thumb Code    28  os_sem.o(.text)
    OS_SemDbgListRemove                      0x080205df   Thumb Code    44  os_sem.o(.text)
    OSSemDel                                 0x0802060b   Thumb Code   306  os_sem.o(.text)
    OSSemPend                                0x0802073d   Thumb Code   406  os_sem.o(.text)
    OSSemPendAbort                           0x080208d3   Thumb Code   278  os_sem.o(.text)
    OS_SemPost                               0x080209e9   Thumb Code   294  os_sem.o(.text)
    OSSemPost                                0x08020b0f   Thumb Code   108  os_sem.o(.text)
    OSSemSet                                 0x08020b7b   Thumb Code   120  os_sem.o(.text)
    OS_SemInit                               0x08020bf3   Thumb Code    14  os_sem.o(.text)
    OSStatReset                              0x08020c11   Thumb Code   262  os_stat.o(.text)
    OSStatTaskCPUUsageInit                   0x08020d17   Thumb Code   212  os_stat.o(.text)
    OS_StatTask                              0x08020deb   Thumb Code   768  os_stat.o(.text)
    OS_StatTaskInit                          0x080210eb   Thumb Code   138  os_stat.o(.text)
    OSTaskChangePrio                         0x080211b9   Thumb Code   274  os_task.o(.text)
    OS_TaskDbgListAdd                        0x080212cb   Thumb Code    42  os_task.o(.text)
    OS_TaskInitTCB                           0x080212f5   Thumb Code   186  os_task.o(.text)
    OSTaskCreate                             0x080213af   Thumb Code   412  os_task.o(.text)
    OS_TaskDbgListRemove                     0x0802154b   Thumb Code    64  os_task.o(.text)
    OSTaskDel                                0x0802158b   Thumb Code   324  os_task.o(.text)
    OSTaskQFlush                             0x080216cf   Thumb Code   110  os_task.o(.text)
    OSTaskQPend                              0x0802173d   Thumb Code   458  os_task.o(.text)
    OSTaskQPendAbort                         0x08021907   Thumb Code   206  os_task.o(.text)
    OS_TaskQPost                             0x080219d5   Thumb Code   220  os_task.o(.text)
    OSTaskQPost                              0x08021ab1   Thumb Code    82  os_task.o(.text)
    OSTaskRegGet                             0x08021b03   Thumb Code    78  os_task.o(.text)
    OSTaskRegGetID                           0x08021b51   Thumb Code    84  os_task.o(.text)
    OSTaskRegSet                             0x08021ba5   Thumb Code    78  os_task.o(.text)
    OS_TaskResume                            0x08021bf3   Thumb Code   256  os_task.o(.text)
    OSTaskResume                             0x08021cf3   Thumb Code    96  os_task.o(.text)
    OSTaskSemPend                            0x08021d53   Thumb Code   478  os_task.o(.text)
    OSTaskSemPendAbort                       0x08021f31   Thumb Code   214  os_task.o(.text)
    OS_TaskSemPost                           0x08022007   Thumb Code   448  os_task.o(.text)
    OSTaskSemPost                            0x080221c7   Thumb Code    76  os_task.o(.text)
    OSTaskSemSet                             0x08022213   Thumb Code    80  os_task.o(.text)
    OSTaskStkChk                             0x08022263   Thumb Code   204  os_task.o(.text)
    OS_TaskSuspend                           0x0802232f   Thumb Code   272  os_task.o(.text)
    OSTaskSuspend                            0x0802243f   Thumb Code    48  os_task.o(.text)
    OSTaskTimeQuantaSet                      0x0802246f   Thumb Code    96  os_task.o(.text)
    OS_TaskInit                              0x080224cf   Thumb Code    18  os_task.o(.text)
    OS_TaskReturn                            0x080224e1   Thumb Code    20  os_task.o(.text)
    OS_TickListRemove                        0x08022515   Thumb Code    56  os_tick.o(.text)
    OS_TickListUpdate                        0x0802254d   Thumb Code   376  os_tick.o(.text)
    OS_TickTask                              0x080226c5   Thumb Code    38  os_tick.o(.text)
    OS_TickListInit                          0x080226eb   Thumb Code    32  os_tick.o(.text)
    OS_TickTaskInit                          0x0802270b   Thumb Code   130  os_tick.o(.text)
    OS_TickListInsert                        0x0802278d   Thumb Code   430  os_tick.o(.text)
    OS_TickListResetPeak                     0x0802293b   Thumb Code    94  os_tick.o(.text)
    OSTimeDly                                0x08022999   Thumb Code   182  os_time.o(.text)
    OSTimeDlyHMSM                            0x08022a4f   Thumb Code   394  os_time.o(.text)
    OSTimeDlyResume                          0x08022bd9   Thumb Code   334  os_time.o(.text)
    OSTimeGet                                0x08022d27   Thumb Code    46  os_time.o(.text)
    OSTimeSet                                0x08022d55   Thumb Code    68  os_time.o(.text)
    OSTimeTick                               0x08022d99   Thumb Code    68  os_time.o(.text)
    OS_TmrDbgListAdd                         0x08022df5   Thumb Code    34  os_tmr.o(.text)
    OSTmrCreate                              0x08022e17   Thumb Code   192  os_tmr.o(.text)
    OS_TmrClr                                0x08022ed7   Thumb Code    36  os_tmr.o(.text)
    OS_TmrUnlink                             0x08022efb   Thumb Code    72  os_tmr.o(.text)
    OS_TmrDbgListRemove                      0x08022f43   Thumb Code    44  os_tmr.o(.text)
    OSTmrDel                                 0x08022f6f   Thumb Code   176  os_tmr.o(.text)
    OSTmrRemainGet                           0x0802301f   Thumb Code   184  os_tmr.o(.text)
    OS_TmrLink                               0x080230d7   Thumb Code   196  os_tmr.o(.text)
    OSTmrStart                               0x0802319b   Thumb Code   208  os_tmr.o(.text)
    OSTmrStateGet                            0x0802326b   Thumb Code   134  os_tmr.o(.text)
    OSTmrStop                                0x080232f1   Thumb Code   232  os_tmr.o(.text)
    OS_TmrTask                               0x080233d9   Thumb Code   176  os_tmr.o(.text)
    OS_TmrInit                               0x08023489   Thumb Code   208  os_tmr.o(.text)
    OS_TmrResetPeak                          0x08023559   Thumb Code    28  os_tmr.o(.text)
    OSIdleTaskHook                           0x080235d1   Thumb Code    16  os_cpu_c.o(.text)
    OSInitHook                               0x080235e1   Thumb Code    28  os_cpu_c.o(.text)
    OSStatTaskHook                           0x080235fd   Thumb Code    16  os_cpu_c.o(.text)
    OSTaskCreateHook                         0x0802360d   Thumb Code    20  os_cpu_c.o(.text)
    OSTaskDelHook                            0x08023621   Thumb Code    20  os_cpu_c.o(.text)
    OSTaskReturnHook                         0x08023635   Thumb Code    20  os_cpu_c.o(.text)
    OSTaskStkInit                            0x08023649   Thumb Code   600  os_cpu_c.o(.text)
    OSTaskSwHook                             0x080238a1   Thumb Code   120  os_cpu_c.o(.text)
    OSTimeTickHook                           0x08023919   Thumb Code    16  os_cpu_c.o(.text)
    OS_CPU_SysTickHandler                    0x08023929   Thumb Code    52  os_cpu_c.o(.text)
    OS_CPU_SysTickInit                       0x0802395d   Thumb Code    44  os_cpu_c.o(.text)
    __use_no_semihosting                     0x080239c9   Thumb Code     2  use_no_semi_2.o(.text)
    __rt_ctype_table                         0x080239cd   Thumb Code    16  rt_ctype_table.o(.text)
    __aeabi_uldivmod                         0x080239dd   Thumb Code     0  lludivv7m.o(.text)
    _ll_udiv                                 0x080239dd   Thumb Code   238  lludivv7m.o(.text)
    __aeabi_ldivmod                          0x08023acb   Thumb Code     0  llsdiv.o(.text)
    _ll_sdiv                                 0x08023acb   Thumb Code    72  llsdiv.o(.text)
    __2printf                                0x08023b15   Thumb Code    20  noretval__2printf.o(.text)
    __2sprintf                               0x08023b2d   Thumb Code    34  noretval__2sprintf.o(.text)
    _printf_pre_padding                      0x08023b55   Thumb Code    44  _printf_pad.o(.text)
    _printf_post_padding                     0x08023b81   Thumb Code    34  _printf_pad.o(.text)
    _printf_str                              0x08023ba3   Thumb Code    82  _printf_str.o(.text)
    _printf_int_dec                          0x08023bf5   Thumb Code   104  _printf_dec.o(.text)
    _printf_int_hex                          0x08023c6d   Thumb Code    84  _printf_hex_int.o(.text)
    _printf_longlong_hex                     0x08023c6d   Thumb Code     0  _printf_hex_int.o(.text)
    __printf                                 0x08023cc5   Thumb Code   308  __printf_flags_wp.o(.text)
    memcmp                                   0x08023dfd   Thumb Code    88  memcmp.o(.text)
    strcpy                                   0x08023e55   Thumb Code    72  strcpy.o(.text)
    strlen                                   0x08023e9d   Thumb Code    62  strlen.o(.text)
    __aeabi_memcpy                           0x08023edb   Thumb Code     0  rt_memcpy_v6.o(.text)
    __rt_memcpy                              0x08023edb   Thumb Code   138  rt_memcpy_v6.o(.text)
    _memcpy_lastbytes                        0x08023f41   Thumb Code     0  rt_memcpy_v6.o(.text)
    __aeabi_memclr                           0x08023f65   Thumb Code     0  rt_memclr.o(.text)
    __rt_memclr                              0x08023f65   Thumb Code    68  rt_memclr.o(.text)
    _memset                                  0x08023f69   Thumb Code     0  rt_memclr.o(.text)
    __aeabi_memclr4                          0x08023fa9   Thumb Code     0  rt_memclr_w.o(.text)
    __aeabi_memclr8                          0x08023fa9   Thumb Code     0  rt_memclr_w.o(.text)
    __rt_memclr_w                            0x08023fa9   Thumb Code    78  rt_memclr_w.o(.text)
    _memset_w                                0x08023fad   Thumb Code     0  rt_memclr_w.o(.text)
    strcmp                                   0x08023ff9   Thumb Code   128  strcmpv7m.o(.text)
    __use_two_region_memory                  0x08024079   Thumb Code     2  heapauxi.o(.text)
    __rt_heap_escrow$2region                 0x0802407b   Thumb Code     2  heapauxi.o(.text)
    __rt_heap_expand$2region                 0x0802407d   Thumb Code     2  heapauxi.o(.text)
    __I$use$semihosting                      0x0802407f   Thumb Code     0  use_no_semi.o(.text)
    __use_no_semihosting_swi                 0x0802407f   Thumb Code     2  use_no_semi.o(.text)
    __rt_locale                              0x08024081   Thumb Code     8  rt_locale_intlibspace.o(.text)
    _printf_int_common                       0x08024089   Thumb Code   178  _printf_intcommon.o(.text)
    _printf_char_common                      0x08024147   Thumb Code    32  _printf_char_common.o(.text)
    _sputc                                   0x0802416d   Thumb Code    10  _sputc.o(.text)
    _printf_cs_common                        0x08024177   Thumb Code    20  _printf_char.o(.text)
    _printf_char                             0x0802418b   Thumb Code    16  _printf_char.o(.text)
    _printf_string                           0x0802419b   Thumb Code     8  _printf_char.o(.text)
    _printf_char_file                        0x080241a5   Thumb Code    32  _printf_char_file.o(.text)
    __aeabi_memcpy4                          0x080241c9   Thumb Code     0  rt_memcpy_w.o(.text)
    __aeabi_memcpy8                          0x080241c9   Thumb Code     0  rt_memcpy_w.o(.text)
    __rt_memcpy_w                            0x080241c9   Thumb Code   100  rt_memcpy_w.o(.text)
    _memcpy_lastbytes_aligned                0x08024211   Thumb Code     0  rt_memcpy_w.o(.text)
    __user_libspace                          0x0802422d   Thumb Code     8  libspace.o(.text)
    __user_perproc_libspace                  0x0802422d   Thumb Code     0  libspace.o(.text)
    __user_perthread_libspace                0x0802422d   Thumb Code     0  libspace.o(.text)
    ferror                                   0x08024235   Thumb Code     8  ferror.o(.text)
    __user_setup_stackheap                   0x0802423d   Thumb Code    74  sys_stackheap_outer.o(.text)
    exit                                     0x08024287   Thumb Code    18  exit.o(.text)
    OSStartHighRdy                           0x08024299   Thumb Code     0  os_cpu_a.o(CODE)
    OSCtxSw                                  0x080242bb   Thumb Code     0  os_cpu_a.o(CODE)
    OSIntCtxSw                               0x080242c5   Thumb Code     0  os_cpu_a.o(CODE)
    PendSV_Handler                           0x080242cf   Thumb Code     0  os_cpu_a.o(CODE)
    _is_digit                                0x08024345   Thumb Code    14  __printf_wp.o(i._is_digit)
    _get_lc_ctype                            0x08024355   Thumb Code    44  lc_ctype_c.o(locale$$code)
    _fp_init                                 0x08024381   Thumb Code    10  fpinit.o(x$fpl$fpinit)
    __fplib_config_fpu_vfp                   0x08024389   Thumb Code     0  fpinit.o(x$fpl$fpinit)
    __fplib_config_pureend_doubles           0x08024389   Thumb Code     0  fpinit.o(x$fpl$fpinit)
    memtblsize                               0x0802438c   Data          12  malloc.o(.constdata)
    memblksize                               0x08024398   Data          12  malloc.o(.constdata)
    memsize                                  0x080243a4   Data          12  malloc.o(.constdata)
    FILE_TYPE_TBL                            0x080243ec   Data         112  exfuns.o(.constdata)
    ethbroadcast                             0x0804f124   Data           6  etharp.o(.constdata)
    ethzero                                  0x0804f12a   Data           6  etharp.o(.constdata)
    tcp_state_str                            0x0804f168   Data          44  tcp.o(.constdata)
    tcp_backoff                              0x0804f194   Data          13  tcp.o(.constdata)
    tcp_persist_backoff                      0x0804f1a1   Data           7  tcp.o(.constdata)
    tcp_pcb_lists                            0x0804f1a8   Data          16  tcp.o(.constdata)
    pvNullPointer                            0x0804f1b8   Data           4  sys_arch.o(.constdata)
    CPU_EndiannessTest                       0x0804f2fc   Data           4  cpu_core.o(.constdata)
    OSCfg_IdleTaskStkBasePtr                 0x0804f394   Data           4  os_cfg_app.o(.constdata)
    OSCfg_IdleTaskStkLimit                   0x0804f398   Data           4  os_cfg_app.o(.constdata)
    OSCfg_IdleTaskStkSize                    0x0804f39c   Data           4  os_cfg_app.o(.constdata)
    OSCfg_IdleTaskStkSizeRAM                 0x0804f3a0   Data           4  os_cfg_app.o(.constdata)
    OSCfg_IntQBasePtr                        0x0804f3a4   Data           4  os_cfg_app.o(.constdata)
    OSCfg_IntQSize                           0x0804f3a8   Data           2  os_cfg_app.o(.constdata)
    OSCfg_IntQSizeRAM                        0x0804f3ac   Data           4  os_cfg_app.o(.constdata)
    OSCfg_IntQTaskStkBasePtr                 0x0804f3b0   Data           4  os_cfg_app.o(.constdata)
    OSCfg_IntQTaskStkLimit                   0x0804f3b4   Data           4  os_cfg_app.o(.constdata)
    OSCfg_IntQTaskStkSize                    0x0804f3b8   Data           4  os_cfg_app.o(.constdata)
    OSCfg_IntQTaskStkSizeRAM                 0x0804f3bc   Data           4  os_cfg_app.o(.constdata)
    OSCfg_ISRStkBasePtr                      0x0804f3c0   Data           4  os_cfg_app.o(.constdata)
    OSCfg_ISRStkSize                         0x0804f3c4   Data           4  os_cfg_app.o(.constdata)
    OSCfg_ISRStkSizeRAM                      0x0804f3c8   Data           4  os_cfg_app.o(.constdata)
    OSCfg_MsgPoolSize                        0x0804f3cc   Data           2  os_cfg_app.o(.constdata)
    OSCfg_MsgPoolSizeRAM                     0x0804f3d0   Data           4  os_cfg_app.o(.constdata)
    OSCfg_MsgPoolBasePtr                     0x0804f3d4   Data           4  os_cfg_app.o(.constdata)
    OSCfg_StatTaskPrio                       0x0804f3d8   Data           1  os_cfg_app.o(.constdata)
    OSCfg_StatTaskRate_Hz                    0x0804f3dc   Data           4  os_cfg_app.o(.constdata)
    OSCfg_StatTaskStkBasePtr                 0x0804f3e0   Data           4  os_cfg_app.o(.constdata)
    OSCfg_StatTaskStkLimit                   0x0804f3e4   Data           4  os_cfg_app.o(.constdata)
    OSCfg_StatTaskStkSize                    0x0804f3e8   Data           4  os_cfg_app.o(.constdata)
    OSCfg_StatTaskStkSizeRAM                 0x0804f3ec   Data           4  os_cfg_app.o(.constdata)
    OSCfg_StkSizeMin                         0x0804f3f0   Data           4  os_cfg_app.o(.constdata)
    OSCfg_TickRate_Hz                        0x0804f3f4   Data           4  os_cfg_app.o(.constdata)
    OSCfg_TickTaskPrio                       0x0804f3f8   Data           1  os_cfg_app.o(.constdata)
    OSCfg_TickTaskStkBasePtr                 0x0804f3fc   Data           4  os_cfg_app.o(.constdata)
    OSCfg_TickTaskStkLimit                   0x0804f400   Data           4  os_cfg_app.o(.constdata)
    OSCfg_TickTaskStkSize                    0x0804f404   Data           4  os_cfg_app.o(.constdata)
    OSCfg_TickTaskStkSizeRAM                 0x0804f408   Data           4  os_cfg_app.o(.constdata)
    OSCfg_TickWheelSize                      0x0804f40c   Data           2  os_cfg_app.o(.constdata)
    OSCfg_TickWheelSizeRAM                   0x0804f410   Data           4  os_cfg_app.o(.constdata)
    OSCfg_TmrTaskPrio                        0x0804f414   Data           1  os_cfg_app.o(.constdata)
    OSCfg_TmrTaskRate_Hz                     0x0804f418   Data           4  os_cfg_app.o(.constdata)
    OSCfg_TmrTaskStkBasePtr                  0x0804f41c   Data           4  os_cfg_app.o(.constdata)
    OSCfg_TmrTaskStkLimit                    0x0804f420   Data           4  os_cfg_app.o(.constdata)
    OSCfg_TmrTaskStkSize                     0x0804f424   Data           4  os_cfg_app.o(.constdata)
    OSCfg_TmrTaskStkSizeRAM                  0x0804f428   Data           4  os_cfg_app.o(.constdata)
    OSCfg_TmrWheelSize                       0x0804f42c   Data           2  os_cfg_app.o(.constdata)
    OSCfg_TmrWheelSizeRAM                    0x0804f430   Data           4  os_cfg_app.o(.constdata)
    OSCfg_DataSizeRAM                        0x0804f434   Data           4  os_cfg_app.o(.constdata)
    OSDbg_DbgEn                              0x0804f438   Data           2  os_dbg.o(.constdata)
    OSDbg_ArgChkEn                           0x0804f43a   Data           1  os_dbg.o(.constdata)
    OSDbg_AppHooksEn                         0x0804f43b   Data           1  os_dbg.o(.constdata)
    OSDbg_EndiannessTest                     0x0804f43c   Data           4  os_dbg.o(.constdata)
    OSDbg_CalledFromISRChkEn                 0x0804f440   Data           1  os_dbg.o(.constdata)
    OSDbg_FlagEn                             0x0804f441   Data           1  os_dbg.o(.constdata)
    OSDbg_FlagGrp                            0x0804f444   Data          40  os_dbg.o(.constdata)
    OSDbg_FlagDelEn                          0x0804f46c   Data           1  os_dbg.o(.constdata)
    OSDbg_FlagModeClrEn                      0x0804f46d   Data           1  os_dbg.o(.constdata)
    OSDbg_FlagPendAbortEn                    0x0804f46e   Data           1  os_dbg.o(.constdata)
    OSDbg_FlagGrpSize                        0x0804f470   Data           2  os_dbg.o(.constdata)
    OSDbg_FlagWidth                          0x0804f472   Data           2  os_dbg.o(.constdata)
    OSDbg_IntQ                               0x0804f474   Data           2  os_dbg.o(.constdata)
    OSDbg_ISRPostDeferredEn                  0x0804f476   Data           1  os_dbg.o(.constdata)
    OSDbg_Mem                                0x0804f478   Data          32  os_dbg.o(.constdata)
    OSDbg_MemEn                              0x0804f498   Data           1  os_dbg.o(.constdata)
    OSDbg_MemSize                            0x0804f49a   Data           2  os_dbg.o(.constdata)
    OSDbg_MsgEn                              0x0804f49c   Data           1  os_dbg.o(.constdata)
    OSDbg_MsgSize                            0x0804f49e   Data           2  os_dbg.o(.constdata)
    OSDbg_MsgPoolSize                        0x0804f4a0   Data           2  os_dbg.o(.constdata)
    OSDbg_MsgQSize                           0x0804f4a2   Data           2  os_dbg.o(.constdata)
    OSDbg_Mutex                              0x0804f4a4   Data          44  os_dbg.o(.constdata)
    OSDbg_MutexEn                            0x0804f4d0   Data           1  os_dbg.o(.constdata)
    OSDbg_MutexDelEn                         0x0804f4d1   Data           1  os_dbg.o(.constdata)
    OSDbg_MutexPendAbortEn                   0x0804f4d2   Data           1  os_dbg.o(.constdata)
    OSDbg_MutexSize                          0x0804f4d4   Data           2  os_dbg.o(.constdata)
    OSDbg_ObjTypeChkEn                       0x0804f4d6   Data           1  os_dbg.o(.constdata)
    OSDbg_PendMultiEn                        0x0804f4d7   Data           1  os_dbg.o(.constdata)
    OSDbg_PendDataSize                       0x0804f4d8   Data           2  os_dbg.o(.constdata)
    OSDbg_PendListSize                       0x0804f4da   Data           2  os_dbg.o(.constdata)
    OSDbg_PendObjSize                        0x0804f4dc   Data           2  os_dbg.o(.constdata)
    OSDbg_PrioMax                            0x0804f4de   Data           2  os_dbg.o(.constdata)
    OSDbg_PrioTblSize                        0x0804f4e0   Data           2  os_dbg.o(.constdata)
    OSDbg_PtrSize                            0x0804f4e2   Data           2  os_dbg.o(.constdata)
    OSDbg_Q                                  0x0804f4e4   Data          48  os_dbg.o(.constdata)
    OSDbg_QEn                                0x0804f514   Data           1  os_dbg.o(.constdata)
    OSDbg_QDelEn                             0x0804f515   Data           1  os_dbg.o(.constdata)
    OSDbg_QFlushEn                           0x0804f516   Data           1  os_dbg.o(.constdata)
    OSDbg_QPendAbortEn                       0x0804f517   Data           1  os_dbg.o(.constdata)
    OSDbg_QSize                              0x0804f518   Data           2  os_dbg.o(.constdata)
    OSDbg_SchedRoundRobinEn                  0x0804f51a   Data           1  os_dbg.o(.constdata)
    OSDbg_Sem                                0x0804f51c   Data          40  os_dbg.o(.constdata)
    OSDbg_SemEn                              0x0804f544   Data           1  os_dbg.o(.constdata)
    OSDbg_SemDelEn                           0x0804f545   Data           1  os_dbg.o(.constdata)
    OSDbg_SemPendAbortEn                     0x0804f546   Data           1  os_dbg.o(.constdata)
    OSDbg_SemSetEn                           0x0804f547   Data           1  os_dbg.o(.constdata)
    OSDbg_SemSize                            0x0804f548   Data           2  os_dbg.o(.constdata)
    OSDbg_RdyList                            0x0804f54a   Data           2  os_dbg.o(.constdata)
    OSDbg_RdyListSize                        0x0804f54c   Data           4  os_dbg.o(.constdata)
    OSDbg_StkWidth                           0x0804f550   Data           1  os_dbg.o(.constdata)
    OSDbg_StatTaskEn                         0x0804f551   Data           1  os_dbg.o(.constdata)
    OSDbg_StatTaskStkChkEn                   0x0804f552   Data           1  os_dbg.o(.constdata)
    OSDbg_TaskChangePrioEn                   0x0804f553   Data           1  os_dbg.o(.constdata)
    OSDbg_TaskDelEn                          0x0804f554   Data           1  os_dbg.o(.constdata)
    OSDbg_TaskQEn                            0x0804f555   Data           1  os_dbg.o(.constdata)
    OSDbg_TaskQPendAbortEn                   0x0804f556   Data           1  os_dbg.o(.constdata)
    OSDbg_TaskProfileEn                      0x0804f557   Data           1  os_dbg.o(.constdata)
    OSDbg_TaskRegTblSize                     0x0804f558   Data           2  os_dbg.o(.constdata)
    OSDbg_TaskSemPendAbortEn                 0x0804f55a   Data           1  os_dbg.o(.constdata)
    OSDbg_TaskSuspendEn                      0x0804f55b   Data           1  os_dbg.o(.constdata)
    OSDbg_TCBSize                            0x0804f55c   Data           2  os_dbg.o(.constdata)
    OSDbg_TickSpokeSize                      0x0804f55e   Data           2  os_dbg.o(.constdata)
    OSDbg_TimeDlyHMSMEn                      0x0804f560   Data           1  os_dbg.o(.constdata)
    OSDbg_TimeDlyResumeEn                    0x0804f561   Data           1  os_dbg.o(.constdata)
    OSDbg_TLS_TblSize                        0x0804f562   Data           2  os_dbg.o(.constdata)
    OSDbg_Tmr                                0x0804f564   Data          52  os_dbg.o(.constdata)
    OSDbg_TmrEn                              0x0804f598   Data           1  os_dbg.o(.constdata)
    OSDbg_TmrDelEn                           0x0804f599   Data           1  os_dbg.o(.constdata)
    OSDbg_TmrSize                            0x0804f59a   Data           2  os_dbg.o(.constdata)
    OSDbg_TmrSpokeSize                       0x0804f59c   Data           2  os_dbg.o(.constdata)
    OSDbg_VersionNbr                         0x0804f59e   Data           2  os_dbg.o(.constdata)
    OSDbg_DataSize                           0x0804f5a0   Data           4  os_dbg.o(.constdata)
    Region$$Table$$Base                      0x0804f938   Number         0  anon$$obj.o(Region$$Table)
    Region$$Table$$Limit                     0x0804f958   Number         0  anon$$obj.o(Region$$Table)
    __ctype                                  0x0804f965   Data           0  lc_ctype_c.o(locale$$data)
    mem3base                                 0x10000000   Data       61440  malloc.o(.ARM.__AT_0x10000000)
    mem3mapbase                              0x1000f000   Data        3840  malloc.o(.ARM.__AT_0x1000F000)
    First_Start                              0x20000000   Data           1  main.o(.data)
    test_buf                                 0x20000001   Data          10  main.o(.data)
    scan_txbuf                               0x2000000b   Data           5  main.o(.data)
    tmr1_txbuf                               0x20000010   Data           5  main.o(.data)
    tmr2_txbuf                               0x20000015   Data           3  main.o(.data)
    SystemCoreClock                          0x2000001c   Data           4  system_stm32f4xx.o(.data)
    AHBPrescTable                            0x20000020   Data          16  system_stm32f4xx.o(.data)
    DMARxDscrTab                             0x20000030   Data           4  lan8720.o(.data)
    DMATxDscrTab                             0x20000034   Data           4  lan8720.o(.data)
    Rx_Buff                                  0x20000038   Data           4  lan8720.o(.data)
    Tx_Buff                                  0x2000003c   Data           4  lan8720.o(.data)
    canid_tx                                 0x20000040   Data           4  can.o(.data)
    canid_rx                                 0x20000044   Data           4  can.o(.data)
    flag_canrev                              0x20000048   Data           1  can.o(.data)
    revframe_num                             0x20000049   Data           1  can.o(.data)
    revdata_len                              0x2000004a   Data           1  can.o(.data)
    stat_sys                                 0x2000004c   Data           2  can.o(.data)
    stat_pfc                                 0x2000004e   Data           2  can.o(.data)
    stat_inver                               0x20000050   Data           2  can.o(.data)
    warn_pfc                                 0x20000052   Data           2  can.o(.data)
    warn_inver                               0x20000054   Data           2  can.o(.data)
    warn_other                               0x20000056   Data           2  can.o(.data)
    crcdata                                  0x20000058   Data           2  can.o(.data)
    revframe_pos                             0x2000005a   Data           1  can.o(.data)
    can2_buf                                 0x2000005b   Data           8  can.o(.data)
    warning_code                             0x20000063   Data           1  alarm.o(.data)
    fault_code                               0x20000064   Data           1  alarm.o(.data)
    System_State                             0x20000065   Data           1  alarm.o(.data)
    SYSTEM_POWER_                            0x20000066   Data           1  alarm.o(.data)
    statio                                   0x20000068   Data           4  io.o(.data)
    __stdout                                 0x2000006c   Data           4  usart.o(.data)
    mcgs_buf                                 0x20000070   Data         256  usart.o(.data)
    TransferError                            0x2000017e   Data           1  sdio_sdcard.o(.data)
    TransferEnd                              0x2000017f   Data           1  sdio_sdcard.o(.data)
    tempbuff                                 0x20000180   Data           4  sdio_sdcard.o(.data)
    CSUtime                                  0x20000184   Data           8  bq32000.o(.data)
    DMATxDescToSet                           0x2000019c   Data           4  stm32f4x7_eth.o(.data)
    DMARxDescToGet                           0x200001a0   Data           4  stm32f4x7_eth.o(.data)
    DMA_RX_FRAME_infos                       0x200001a4   Data           4  stm32f4x7_eth.o(.data)
    Frame_Rx_index                           0x200001a8   Data           4  stm32f4x7_eth.o(.data)
    mallco_dev                               0x200001b0   Data          36  malloc.o(.data)
    FLASH_SECTOR_COUNT                       0x200001d4   Data           2  diskio.o(.data)
    file                                     0x200001d8   Data           4  exfuns.o(.data)
    ftemp                                    0x200001dc   Data           4  exfuns.o(.data)
    br                                       0x200001e0   Data           4  exfuns.o(.data)
    bw                                       0x200001e4   Data           4  exfuns.o(.data)
    fatbuf                                   0x200001e8   Data           4  exfuns.o(.data)
    TCPIP_THREAD_TASK_STK                    0x200001ec   Data           4  lwip_comm.o(.data)
    LWIP_DHCP_TASK_STK                       0x200001f0   Data           4  lwip_comm.o(.data)
    current_netif                            0x200001f8   Data           4  ip.o(.data)
    current_header                           0x200001fc   Data           4  ip.o(.data)
    current_iphdr_src                        0x20000200   Data           4  ip.o(.data)
    current_iphdr_dest                       0x20000204   Data           4  ip.o(.data)
    memp_memory                              0x2000024c   Data           4  memp.o(.data)
    netif_list                               0x20000250   Data           4  netif.o(.data)
    netif_default                            0x20000254   Data           4  netif.o(.data)
    tcp_ticks                                0x20000264   Data           4  tcp.o(.data)
    tcp_bound_pcbs                           0x20000268   Data           4  tcp.o(.data)
    tcp_listen_pcbs                          0x2000026c   Data           4  tcp.o(.data)
    tcp_active_pcbs                          0x20000270   Data           4  tcp.o(.data)
    tcp_tw_pcbs                              0x20000274   Data           4  tcp.o(.data)
    tcp_tmp_pcb                              0x20000278   Data           4  tcp.o(.data)
    tcp_active_pcbs_changed                  0x2000027c   Data           1  tcp.o(.data)
    tcp_input_pcb                            0x200002a0   Data           4  tcp_in.o(.data)
    udp_pcbs                                 0x200002b0   Data           4  udp.o(.data)
    ram_heap                                 0x200002b4   Data           4  mem.o(.data)
    CPU_TS_TmrFreq_Hz                        0x200002d4   Data           4  cpu_core.o(.data)
    Mem_PoolTbl                              0x200002d8   Data           4  lib_mem.o(.data)
    OSPrioTbl                                0x200002dc   Data           4  os_prio.o(.data)
    OS_AppTaskCreateHookPtr                  0x200002e0   Data           4  os_var.o(.data)
    OS_AppTaskDelHookPtr                     0x200002e4   Data           4  os_var.o(.data)
    OS_AppTaskReturnHookPtr                  0x200002e8   Data           4  os_var.o(.data)
    OS_AppIdleTaskHookPtr                    0x200002ec   Data           4  os_var.o(.data)
    OS_AppStatTaskHookPtr                    0x200002f0   Data           4  os_var.o(.data)
    OS_AppTaskSwHookPtr                      0x200002f4   Data           4  os_var.o(.data)
    OS_AppTimeTickHookPtr                    0x200002f8   Data           4  os_var.o(.data)
    OSIdleTaskCtr                            0x200002fc   Data           4  os_var.o(.data)
    OSIntNestingCtr                          0x20000300   Data           1  os_var.o(.data)
    OSRunning                                0x20000301   Data           1  os_var.o(.data)
    OSFlagDbgListPtr                         0x20000304   Data           4  os_var.o(.data)
    OSFlagQty                                0x20000308   Data           2  os_var.o(.data)
    OSMemDbgListPtr                          0x2000030c   Data           4  os_var.o(.data)
    OSMemQty                                 0x20000310   Data           2  os_var.o(.data)
    OSMutexDbgListPtr                        0x20000314   Data           4  os_var.o(.data)
    OSMutexQty                               0x20000318   Data           2  os_var.o(.data)
    OSPrioCur                                0x2000031a   Data           1  os_var.o(.data)
    OSPrioHighRdy                            0x2000031b   Data           1  os_var.o(.data)
    OSPrioSaved                              0x2000031c   Data           1  os_var.o(.data)
    OSQDbgListPtr                            0x20000320   Data           4  os_var.o(.data)
    OSQQty                                   0x20000324   Data           2  os_var.o(.data)
    OSSchedLockTimeBegin                     0x20000328   Data           4  os_var.o(.data)
    OSSchedLockTimeMax                       0x2000032c   Data           4  os_var.o(.data)
    OSSchedLockTimeMaxCur                    0x20000330   Data           4  os_var.o(.data)
    OSSchedLockNestingCtr                    0x20000334   Data           1  os_var.o(.data)
    OSSchedRoundRobinDfltTimeQuanta          0x20000338   Data           4  os_var.o(.data)
    OSSchedRoundRobinEn                      0x2000033c   Data           1  os_var.o(.data)
    OSSemDbgListPtr                          0x20000340   Data           4  os_var.o(.data)
    OSSemQty                                 0x20000344   Data           2  os_var.o(.data)
    OSStatResetFlag                          0x20000346   Data           1  os_var.o(.data)
    OSStatTaskCPUUsage                       0x20000348   Data           2  os_var.o(.data)
    OSStatTaskCPUUsageMax                    0x2000034a   Data           2  os_var.o(.data)
    OSStatTaskCtr                            0x2000034c   Data           4  os_var.o(.data)
    OSStatTaskCtrMax                         0x20000350   Data           4  os_var.o(.data)
    OSStatTaskCtrRun                         0x20000354   Data           4  os_var.o(.data)
    OSStatTaskRdy                            0x20000358   Data           1  os_var.o(.data)
    OSStatTaskTimeMax                        0x2000035c   Data           4  os_var.o(.data)
    OSTaskCtxSwCtr                           0x20000360   Data           4  os_var.o(.data)
    OSTaskDbgListPtr                         0x20000364   Data           4  os_var.o(.data)
    OSTaskQty                                0x20000368   Data           2  os_var.o(.data)
    OSTaskRegNextAvailID                     0x2000036a   Data           1  os_var.o(.data)
    OSTickCtr                                0x2000036c   Data           4  os_var.o(.data)
    OSTickTaskTimeMax                        0x20000370   Data           4  os_var.o(.data)
    OSTmrDbgListPtr                          0x20000374   Data           4  os_var.o(.data)
    OSTmrQty                                 0x20000378   Data           2  os_var.o(.data)
    OSTmrTaskTimeMax                         0x2000037c   Data           4  os_var.o(.data)
    OSTmrTickCtr                             0x20000380   Data           4  os_var.o(.data)
    OSTmrUpdateCnt                           0x20000384   Data           4  os_var.o(.data)
    OSTmrUpdateCtr                           0x20000388   Data           4  os_var.o(.data)
    OSTCBCurPtr                              0x2000038c   Data           4  os_var.o(.data)
    OSTCBHighRdyPtr                          0x20000390   Data           4  os_var.o(.data)
    OS_CPU_ExceptStkBase                     0x20000394   Data           4  os_cpu_c.o(.data)
    systemFixedData                          0x20000398   Data          21  main.o(.bss)
    SCAN_TASK_STK                            0x200003b0   Data         512  main.o(.bss)
    CAN_TASK_STK                             0x200005b0   Data        4096  main.o(.bss)
    PLC_TASK_STK                             0x200015b0   Data         512  main.o(.bss)
    SCREEN_TASK_STK                          0x200017b0   Data        1024  main.o(.bss)
    METER_TASK_STK                           0x20001bb0   Data         512  main.o(.bss)
    HANDLE_TASK_STK                          0x20001db0   Data         512  main.o(.bss)
    START_TASK_STK                           0x20001fb0   Data         512  main.o(.bss)
    ScanTaskTCB                              0x200021b0   Data         196  main.o(.bss)
    CanTaskTCB                               0x20002274   Data         196  main.o(.bss)
    ScreenTaskTCB                            0x20002338   Data         196  main.o(.bss)
    MeterTaskTCB                             0x200023fc   Data         196  main.o(.bss)
    PlcTaskTCB                               0x200024c0   Data         196  main.o(.bss)
    HandleTaskTCB                            0x20002584   Data         196  main.o(.bss)
    StartTaskTCB                             0x20002648   Data         196  main.o(.bss)
    tmr1                                     0x2000270c   Data          52  main.o(.bss)
    tmr2                                     0x20002740   Data          52  main.o(.bss)
    PTCElectData                             0x20002774   Data          44  can.o(.bss)
    SetPTCData                               0x200027a0   Data          10  can.o(.bss)
    can_temp                                 0x200027aa   Data          50  can.o(.bss)
    can2_tbuf                                0x200027dc   Data          50  can.o(.bss)
    usart2_tx_buf                            0x2000280e   Data         256  usart.o(.bss)
    usart2_rx_buf                            0x2000290e   Data         256  usart.o(.bss)
    usart3_tx_buf                            0x20002a0e   Data         256  usart.o(.bss)
    usart3_rx_buf                            0x20002b0e   Data         256  usart.o(.bss)
    uart4_tx_buf                             0x20002c0e   Data         256  usart.o(.bss)
    uart4_rx_buf                             0x20002d0e   Data         256  usart.o(.bss)
    usart5_tx_buf                            0x20002e0e   Data         256  usart.o(.bss)
    usart5_rx_buf                            0x20002f0e   Data         256  usart.o(.bss)
    usart6_tx_buf                            0x2000300e   Data         256  usart.o(.bss)
    usart6_rx_buf                            0x2000310e   Data         256  usart.o(.bss)
    usart2_buf                               0x2000320e   Data          20  usart.o(.bss)
    usart3_buf                               0x20003222   Data         256  usart.o(.bss)
    uart4_buf                                0x20003322   Data          20  usart.o(.bss)
    usart5_buf                               0x20003336   Data          20  usart.o(.bss)
    usart6_buf                               0x2000334a   Data          20  usart.o(.bss)
    sendbuff                                 0x2000335e   Data         256  usart.o(.bss)
    SDIO_InitStructure                       0x20003460   Data          24  sdio_sdcard.o(.bss)
    SDIO_CmdInitStructure                    0x20003478   Data          20  sdio_sdcard.o(.bss)
    SDIO_DataInitStructure                   0x2000348c   Data          24  sdio_sdcard.o(.bss)
    SDCardInfo                               0x200034c8   Data          88  sdio_sdcard.o(.bss)
    SDIO_DATA_BUFFER                         0x20003520   Data         512  sdio_sdcard.o(.bss)
    RX_Frame_Descriptor                      0x20003720   Data          12  stm32f4x7_eth.o(.bss)
    mem1base                                 0x2000372c   Data       92160  malloc.o(.bss)
    mem1mapbase                              0x20019f2c   Data        5760  malloc.o(.bss)
    fs                                       0x2001b5b8   Data          12  exfuns.o(.bss)
    fileinfo                                 0x2001b5c4   Data          32  exfuns.o(.bss)
    dir                                      0x2001b5e4   Data          36  exfuns.o(.bss)
    lwipdev                                  0x2001b608   Data          23  lwip_comm.o(.bss)
    lwip_netif                               0x2001b620   Data          48  lwip_comm.o(.bss)
    LwipdhcpTaskTCB                          0x2001b650   Data         196  lwip_comm.o(.bss)
    TcpipthreadTaskTCB                       0x2001b860   Data         196  sys_arch.o(.bss)
    CPU_Name                                 0x2001b9b4   Data          16  cpu_core.o(.bss)
    Mem_PoolHeap                             0x2001b9c4   Data          72  lib_mem.o(.bss)
    Mem_Heap                                 0x2001ba0c   Data        1024  lib_mem.o(.bss)
    OSCfg_IdleTaskStk                        0x2001be0c   Data         512  os_cfg_app.o(.bss)
    OSCfg_ISRStk                             0x2001c00c   Data         512  os_cfg_app.o(.bss)
    OSCfg_MsgPool                            0x2001c20c   Data        1600  os_cfg_app.o(.bss)
    OSCfg_StatTaskStk                        0x2001c84c   Data         512  os_cfg_app.o(.bss)
    OSCfg_TickTaskStk                        0x2001ca4c   Data         512  os_cfg_app.o(.bss)
    OSCfg_TickWheel                          0x2001cc4c   Data         136  os_cfg_app.o(.bss)
    OSCfg_TmrTaskStk                         0x2001ccd4   Data         512  os_cfg_app.o(.bss)
    OSCfg_TmrWheel                           0x2001ced4   Data         136  os_cfg_app.o(.bss)
    OSIdleTaskTCB                            0x2001cf5c   Data         196  os_var.o(.bss)
    OSMsgPool                                0x2001d020   Data          12  os_var.o(.bss)
    OSRdyList                                0x2001d02c   Data         384  os_var.o(.bss)
    OSStatTaskTCB                            0x2001d1ac   Data         196  os_var.o(.bss)
    OSTickTaskTCB                            0x2001d270   Data         196  os_var.o(.bss)
    OSTmrTaskTCB                             0x2001d334   Data         196  os_var.o(.bss)
    __libspace_start                         0x2001d3f8   Data          96  libspace.o(.bss)
    __temporary_stack_top$libspace           0x2001d458   Data           0  libspace.o(.bss)
    mem2base                                 0x68000000   Data       204800  malloc.o(.ARM.__AT_0x68000000)
    mem2mapbase                              0x68032000   Data       12800  malloc.o(.ARM.__AT_0x68032000)



==============================================================================

Memory Map of the image

  Image Entry point : 0x08000189

  Load Region LR_IROM1 (Base: 0x08000000, Size: 0x0004fe00, Max: 0x00100000, ABSOLUTE, COMPRESSED[0x0004faf0])

    Execution Region ER_IROM1 (Exec base: 0x08000000, Load base: 0x08000000, Size: 0x0004fa68, Max: 0x00100000, ABSOLUTE)

    Exec Addr    Load Addr    Size         Type   Attr      Idx    E Section Name        Object

    0x08000000   0x08000000   0x00000188   Data   RO          892    RESET               startup_stm32f40_41xxx.o
    0x08000188   0x08000188   0x00000008   Code   RO         2976  * !!!main             c_w.l(__main.o)
    0x08000190   0x08000190   0x00000034   Code   RO         3172    !!!scatter          c_w.l(__scatter.o)
    0x080001c4   0x080001c4   0x0000005a   Code   RO         3170    !!dczerorl2         c_w.l(__dczerorl2.o)
    0x0800021e   0x0800021e   0x00000002   PAD
    0x08000220   0x08000220   0x0000001c   Code   RO         3174    !!handler_zi        c_w.l(__scatter_zi.o)
    0x0800023c   0x0800023c   0x00000000   Code   RO         2955    .ARM.Collect$$_printf_percent$$00000000  c_w.l(_printf_percent.o)
    0x0800023c   0x0800023c   0x00000006   Code   RO         2954    .ARM.Collect$$_printf_percent$$00000009  c_w.l(_printf_d.o)
    0x08000242   0x08000242   0x00000006   Code   RO         2953    .ARM.Collect$$_printf_percent$$0000000C  c_w.l(_printf_x.o)
    0x08000248   0x08000248   0x00000006   Code   RO         2952    .ARM.Collect$$_printf_percent$$00000014  c_w.l(_printf_s.o)
    0x0800024e   0x0800024e   0x00000004   Code   RO         3000    .ARM.Collect$$_printf_percent$$00000017  c_w.l(_printf_percent_end.o)
    0x08000252   0x08000252   0x00000002   Code   RO         3092    .ARM.Collect$$libinit$$00000000  c_w.l(libinit.o)
    0x08000254   0x08000254   0x00000004   Code   RO         3032    .ARM.Collect$$libinit$$00000001  c_w.l(libinit2.o)
    0x08000258   0x08000258   0x00000000   Code   RO         3035    .ARM.Collect$$libinit$$00000004  c_w.l(libinit2.o)
    0x08000258   0x08000258   0x00000000   Code   RO         3038    .ARM.Collect$$libinit$$0000000A  c_w.l(libinit2.o)
    0x08000258   0x08000258   0x00000000   Code   RO         3040    .ARM.Collect$$libinit$$0000000C  c_w.l(libinit2.o)
    0x08000258   0x08000258   0x00000000   Code   RO         3042    .ARM.Collect$$libinit$$0000000E  c_w.l(libinit2.o)
    0x08000258   0x08000258   0x00000006   Code   RO         3043    .ARM.Collect$$libinit$$0000000F  c_w.l(libinit2.o)
    0x0800025e   0x0800025e   0x00000000   Code   RO         3045    .ARM.Collect$$libinit$$00000011  c_w.l(libinit2.o)
    0x0800025e   0x0800025e   0x0000000c   Code   RO         3046    .ARM.Collect$$libinit$$00000012  c_w.l(libinit2.o)
    0x0800026a   0x0800026a   0x00000000   Code   RO         3047    .ARM.Collect$$libinit$$00000013  c_w.l(libinit2.o)
    0x0800026a   0x0800026a   0x00000000   Code   RO         3049    .ARM.Collect$$libinit$$00000015  c_w.l(libinit2.o)
    0x0800026a   0x0800026a   0x00000000   Code   RO         3051    .ARM.Collect$$libinit$$00000017  c_w.l(libinit2.o)
    0x0800026a   0x0800026a   0x00000000   Code   RO         3053    .ARM.Collect$$libinit$$00000019  c_w.l(libinit2.o)
    0x0800026a   0x0800026a   0x00000000   Code   RO         3055    .ARM.Collect$$libinit$$0000001B  c_w.l(libinit2.o)
    0x0800026a   0x0800026a   0x00000000   Code   RO         3057    .ARM.Collect$$libinit$$0000001D  c_w.l(libinit2.o)
    0x0800026a   0x0800026a   0x00000000   Code   RO         3059    .ARM.Collect$$libinit$$0000001F  c_w.l(libinit2.o)
    0x0800026a   0x0800026a   0x00000000   Code   RO         3061    .ARM.Collect$$libinit$$00000021  c_w.l(libinit2.o)
    0x0800026a   0x0800026a   0x00000000   Code   RO         3063    .ARM.Collect$$libinit$$00000023  c_w.l(libinit2.o)
    0x0800026a   0x0800026a   0x00000000   Code   RO         3065    .ARM.Collect$$libinit$$00000025  c_w.l(libinit2.o)
    0x0800026a   0x0800026a   0x00000000   Code   RO         3069    .ARM.Collect$$libinit$$0000002C  c_w.l(libinit2.o)
    0x0800026a   0x0800026a   0x00000000   Code   RO         3071    .ARM.Collect$$libinit$$0000002E  c_w.l(libinit2.o)
    0x0800026a   0x0800026a   0x00000000   Code   RO         3073    .ARM.Collect$$libinit$$00000030  c_w.l(libinit2.o)
    0x0800026a   0x0800026a   0x00000000   Code   RO         3075    .ARM.Collect$$libinit$$00000032  c_w.l(libinit2.o)
    0x0800026a   0x0800026a   0x00000002   Code   RO         3076    .ARM.Collect$$libinit$$00000033  c_w.l(libinit2.o)
    0x0800026c   0x0800026c   0x00000002   Code   RO         3135    .ARM.Collect$$libshutdown$$00000000  c_w.l(libshutdown.o)
    0x0800026e   0x0800026e   0x00000000   Code   RO         3151    .ARM.Collect$$libshutdown$$00000002  c_w.l(libshutdown2.o)
    0x0800026e   0x0800026e   0x00000000   Code   RO         3153    .ARM.Collect$$libshutdown$$00000004  c_w.l(libshutdown2.o)
    0x0800026e   0x0800026e   0x00000000   Code   RO         3155    .ARM.Collect$$libshutdown$$00000006  c_w.l(libshutdown2.o)
    0x0800026e   0x0800026e   0x00000000   Code   RO         3158    .ARM.Collect$$libshutdown$$00000009  c_w.l(libshutdown2.o)
    0x0800026e   0x0800026e   0x00000000   Code   RO         3161    .ARM.Collect$$libshutdown$$0000000C  c_w.l(libshutdown2.o)
    0x0800026e   0x0800026e   0x00000000   Code   RO         3163    .ARM.Collect$$libshutdown$$0000000E  c_w.l(libshutdown2.o)
    0x0800026e   0x0800026e   0x00000000   Code   RO         3166    .ARM.Collect$$libshutdown$$00000011  c_w.l(libshutdown2.o)
    0x0800026e   0x0800026e   0x00000002   Code   RO         3167    .ARM.Collect$$libshutdown$$00000012  c_w.l(libshutdown2.o)
    0x08000270   0x08000270   0x00000000   Code   RO         2980    .ARM.Collect$$rtentry$$00000000  c_w.l(__rtentry.o)
    0x08000270   0x08000270   0x00000000   Code   RO         3010    .ARM.Collect$$rtentry$$00000002  c_w.l(__rtentry2.o)
    0x08000270   0x08000270   0x00000006   Code   RO         3022    .ARM.Collect$$rtentry$$00000004  c_w.l(__rtentry4.o)
    0x08000276   0x08000276   0x00000000   Code   RO         3012    .ARM.Collect$$rtentry$$00000009  c_w.l(__rtentry2.o)
    0x08000276   0x08000276   0x00000004   Code   RO         3013    .ARM.Collect$$rtentry$$0000000A  c_w.l(__rtentry2.o)
    0x0800027a   0x0800027a   0x00000000   Code   RO         3015    .ARM.Collect$$rtentry$$0000000C  c_w.l(__rtentry2.o)
    0x0800027a   0x0800027a   0x00000008   Code   RO         3016    .ARM.Collect$$rtentry$$0000000D  c_w.l(__rtentry2.o)
    0x08000282   0x08000282   0x00000002   Code   RO         3095    .ARM.Collect$$rtexit$$00000000  c_w.l(rtexit.o)
    0x08000284   0x08000284   0x00000000   Code   RO         3110    .ARM.Collect$$rtexit$$00000002  c_w.l(rtexit2.o)
    0x08000284   0x08000284   0x00000004   Code   RO         3111    .ARM.Collect$$rtexit$$00000003  c_w.l(rtexit2.o)
    0x08000288   0x08000288   0x00000006   Code   RO         3112    .ARM.Collect$$rtexit$$00000004  c_w.l(rtexit2.o)
    0x0800028e   0x0800028e   0x00000002   PAD
    0x08000290   0x08000290   0x00000010   Code   RO         1210    .emb_text           sys.o
    0x080002a0   0x080002a0   0x00000ce0   Code   RO            3    .text               main.o
    0x08000f80   0x08000f80   0x00000014   Code   RO          277    .text               stm32f4xx_it.o
    0x08000f94   0x08000f94   0x00000210   Code   RO          401    .text               system_stm32f4xx.o
    0x080011a4   0x080011a4   0x00000070   Code   RO          427    .text               timer.o
    0x08001214   0x08001214   0x00000390   Code   RO          577    .text               lan8720.o
    0x080015a4   0x080015a4   0x00000e44   Code   RO          608    .text               can.o
    0x080023e8   0x080023e8   0x000004f0   Code   RO          636    .text               24cxx.o
    0x080028d8   0x080028d8   0x000000dc   Code   RO          665    .text               alarm.o
    0x080029b4   0x080029b4   0x0000025c   Code   RO          699    .text               myiic.o
    0x08002c10   0x08002c10   0x000009d0   Code   RO          719    .text               io.o
    0x080035e0   0x080035e0   0x0000123c   Code   RO          746    .text               usart.o
    0x0800481c   0x0800481c   0x00001e8c   Code   RO          778    .text               sdio_sdcard.o
    0x080066a8   0x080066a8   0x0000002c   Code   RO          843    .text               iwdg.o
    0x080066d4   0x080066d4   0x0000028c   Code   RO          866    .text               bq32000.o
    0x08006960   0x08006960   0x00000040   Code   RO          893    .text               startup_stm32f40_41xxx.o
    0x080069a0   0x080069a0   0x000000e0   Code   RO          899    .text               misc.o
    0x08006a80   0x08006a80   0x00000294   Code   RO          919    .text               stm32f4xx_gpio.o
    0x08006d14   0x08006d14   0x0000065c   Code   RO          939    .text               stm32f4xx_rcc.o
    0x08007370   0x08007370   0x00000094   Code   RO          961    .text               stm32f4xx_syscfg.o
    0x08007404   0x08007404   0x00000ca2   Code   RO          981    .text               stm32f4xx_tim.o
    0x080080a6   0x080080a6   0x00000002   PAD
    0x080080a8   0x080080a8   0x00000454   Code   RO         1001    .text               stm32f4xx_usart.o
    0x080084fc   0x080084fc   0x00000e40   Code   RO         1021    .text               stm32f4x7_eth.o
    0x0800933c   0x0800933c   0x000003a8   Code   RO         1088    .text               stm32f4xx_dma.o
    0x080096e4   0x080096e4   0x000009f0   Code   RO         1108    .text               stm32f4xx_can.o
    0x0800a0d4   0x0800a0d4   0x00000040   Code   RO         1128    .text               stm32f4xx_iwdg.o
    0x0800a114   0x0800a114   0x000001dc   Code   RO         1148    .text               stm32f4xx_sdio.o
    0x0800a2f0   0x0800a2f0   0x0000014c   Code   RO         1188    .text               delay.o
    0x0800a43c   0x0800a43c   0x00000234   Code   RO         1228    .text               malloc.o
    0x0800a670   0x0800a670   0x000001bc   Code   RO         1260    .text               diskio.o
    0x0800a82c   0x0800a82c   0x0000329a   Code   RO         1291    .text               ff.o
    0x0800dac6   0x0800dac6   0x00000002   PAD
    0x0800dac8   0x0800dac8   0x00000198   Code   RO         1318    .text               exfuns.o
    0x0800dc60   0x0800dc60   0x000000b4   Code   RO         1379    .text               cc936.o
    0x0800dd14   0x0800dd14   0x000001f4   Code   RO         1395    .text               lwip_comm.o
    0x0800df08   0x0800df08   0x00000e7c   Code   RO         1608    .text               etharp.o
    0x0800ed84   0x0800ed84   0x00000228   Code   RO         1652    .text               ethernetif.o
    0x0800efac   0x0800efac   0x00000424   Code   RO         1708    .text               icmp.o
    0x0800f3d0   0x0800f3d0   0x000002b4   Code   RO         1766    .text               inet_chksum.o
    0x0800f684   0x0800f684   0x00000400   Code   RO         1786    .text               ip.o
    0x0800fa84   0x0800fa84   0x0000032c   Code   RO         1828    .text               ip_addr.o
    0x0800fdb0   0x0800fdb0   0x00000a28   Code   RO         1862    .text               ip_frag.o
    0x080107d8   0x080107d8   0x0000003e   Code   RO         1884    .text               def.o
    0x08010816   0x08010816   0x00000024   Code   RO         1932    .text               init.o
    0x0801083a   0x0801083a   0x00000002   PAD
    0x0801083c   0x0801083c   0x000001d4   Code   RO         1970    .text               memp.o
    0x08010a10   0x08010a10   0x00000334   Code   RO         2011    .text               netif.o
    0x08010d44   0x08010d44   0x000010a0   Code   RO         2041    .text               pbuf.o
    0x08011de4   0x08011de4   0x0000024c   Code   RO         2061    .text               raw.o
    0x08012030   0x08012030   0x0000148c   Code   RO         2097    .text               tcp.o
    0x080134bc   0x080134bc   0x00001878   Code   RO         2129    .text               tcp_in.o
    0x08014d34   0x08014d34   0x00001346   Code   RO         2160    .text               tcp_out.o
    0x0801607a   0x0801607a   0x00000002   PAD
    0x0801607c   0x0801607c   0x000002dc   Code   RO         2181    .text               timers.o
    0x08016358   0x08016358   0x000005b4   Code   RO         2203    .text               udp.o
    0x0801690c   0x0801690c   0x00000744   Code   RO         2229    .text               mem.o
    0x08017050   0x08017050   0x00000494   Code   RO         2253    .text               sys_arch.o
    0x080174e4   0x080174e4   0x00000b40   Code   RO         2290    .text               api_lib.o
    0x08018024   0x08018024   0x00001854   Code   RO         2329    .text               api_msg.o
    0x08019878   0x08019878   0x000003b0   Code   RO         2372    .text               netbuf.o
    0x08019c28   0x08019c28   0x00001c70   Code   RO         2426    .text               sockets.o
    0x0801b898   0x0801b898   0x000003b8   Code   RO         2450    .text               tcpip.o
    0x0801bc50   0x0801bc50   0x00000084   Code   RO         2482    .text               bsp.o
    0x0801bcd4   0x0801bcd4   0x000002a8   Code   RO         2515    .text               cpu_core.o
    0x0801bf7c   0x0801bf7c   0x00000034   Code   RO         2541    .text               cpu_a.o
    0x0801bfb0   0x0801bfb0   0x00000256   Code   RO         2544    .text               lib_ascii.o
    0x0801c206   0x0801c206   0x00000002   PAD
    0x0801c208   0x0801c208   0x000009c6   Code   RO         2577    .text               lib_mem.o
    0x0801cbce   0x0801cbce   0x00000002   PAD
    0x0801cbd0   0x0801cbd0   0x0000092c   Code   RO         2596    .text               lib_str.o
    0x0801d4fc   0x0801d4fc   0x00000220   Code   RO         2613    .text               lib_mem_a.o
    0x0801d71c   0x0801d71c   0x000000d0   Code   RO         2616    .text               os_cfg_app.o
    0x0801d7ec   0x0801d7ec   0x00000d94   Code   RO         2636    .text               os_core.o
    0x0801e580   0x0801e580   0x000001a8   Code   RO         2648    .text               os_dbg.o
    0x0801e728   0x0801e728   0x00000af8   Code   RO         2663    .text               os_flag.o
    0x0801f220   0x0801f220   0x000001fc   Code   RO         2681    .text               os_mem.o
    0x0801f41c   0x0801f41c   0x0000022c   Code   RO         2693    .text               os_msg.o
    0x0801f648   0x0801f648   0x0000078c   Code   RO         2705    .text               os_mutex.o
    0x0801fdd4   0x0801fdd4   0x0000007c   Code   RO         2723    .text               os_prio.o
    0x0801fe50   0x0801fe50   0x000006d8   Code   RO         2742    .text               os_q.o
    0x08020528   0x08020528   0x000006e8   Code   RO         2754    .text               os_sem.o
    0x08020c10   0x08020c10   0x000005a8   Code   RO         2766    .text               os_stat.o
    0x080211b8   0x080211b8   0x0000135c   Code   RO         2778    .text               os_task.o
    0x08022514   0x08022514   0x00000484   Code   RO         2790    .text               os_tick.o
    0x08022998   0x08022998   0x0000045c   Code   RO         2802    .text               os_time.o
    0x08022df4   0x08022df4   0x000007dc   Code   RO         2814    .text               os_tmr.o
    0x080235d0   0x080235d0   0x000003f8   Code   RO         2842    .text               os_cpu_c.o
    0x080239c8   0x080239c8   0x00000002   Code   RO         2886    .text               c_w.l(use_no_semi_2.o)
    0x080239ca   0x080239ca   0x00000002   PAD
    0x080239cc   0x080239cc   0x00000010   Code   RO         2888    .text               c_w.l(rt_ctype_table.o)
    0x080239dc   0x080239dc   0x000000ee   Code   RO         2890    .text               c_w.l(lludivv7m.o)
    0x08023aca   0x08023aca   0x00000048   Code   RO         2892    .text               c_w.l(llsdiv.o)
    0x08023b12   0x08023b12   0x00000002   PAD
    0x08023b14   0x08023b14   0x00000018   Code   RO         2898    .text               c_w.l(noretval__2printf.o)
    0x08023b2c   0x08023b2c   0x00000028   Code   RO         2900    .text               c_w.l(noretval__2sprintf.o)
    0x08023b54   0x08023b54   0x0000004e   Code   RO         2904    .text               c_w.l(_printf_pad.o)
    0x08023ba2   0x08023ba2   0x00000052   Code   RO         2906    .text               c_w.l(_printf_str.o)
    0x08023bf4   0x08023bf4   0x00000078   Code   RO         2908    .text               c_w.l(_printf_dec.o)
    0x08023c6c   0x08023c6c   0x00000058   Code   RO         2913    .text               c_w.l(_printf_hex_int.o)
    0x08023cc4   0x08023cc4   0x00000138   Code   RO         2943    .text               c_w.l(__printf_flags_wp.o)
    0x08023dfc   0x08023dfc   0x00000058   Code   RO         2958    .text               c_w.l(memcmp.o)
    0x08023e54   0x08023e54   0x00000048   Code   RO         2960    .text               c_w.l(strcpy.o)
    0x08023e9c   0x08023e9c   0x0000003e   Code   RO         2962    .text               c_w.l(strlen.o)
    0x08023eda   0x08023eda   0x0000008a   Code   RO         2966    .text               c_w.l(rt_memcpy_v6.o)
    0x08023f64   0x08023f64   0x00000044   Code   RO         2968    .text               c_w.l(rt_memclr.o)
    0x08023fa8   0x08023fa8   0x0000004e   Code   RO         2970    .text               c_w.l(rt_memclr_w.o)
    0x08023ff6   0x08023ff6   0x00000002   PAD
    0x08023ff8   0x08023ff8   0x00000080   Code   RO         2972    .text               c_w.l(strcmpv7m.o)
    0x08024078   0x08024078   0x00000006   Code   RO         2974    .text               c_w.l(heapauxi.o)
    0x0802407e   0x0802407e   0x00000002   Code   RO         2978    .text               c_w.l(use_no_semi.o)
    0x08024080   0x08024080   0x00000008   Code   RO         2988    .text               c_w.l(rt_locale_intlibspace.o)
    0x08024088   0x08024088   0x000000b2   Code   RO         2990    .text               c_w.l(_printf_intcommon.o)
    0x0802413a   0x0802413a   0x00000002   PAD
    0x0802413c   0x0802413c   0x00000030   Code   RO         2992    .text               c_w.l(_printf_char_common.o)
    0x0802416c   0x0802416c   0x0000000a   Code   RO         2994    .text               c_w.l(_sputc.o)
    0x08024176   0x08024176   0x0000002c   Code   RO         2996    .text               c_w.l(_printf_char.o)
    0x080241a2   0x080241a2   0x00000002   PAD
    0x080241a4   0x080241a4   0x00000024   Code   RO         2998    .text               c_w.l(_printf_char_file.o)
    0x080241c8   0x080241c8   0x00000064   Code   RO         3004    .text               c_w.l(rt_memcpy_w.o)
    0x0802422c   0x0802422c   0x00000008   Code   RO         3006    .text               c_w.l(libspace.o)
    0x08024234   0x08024234   0x00000008   Code   RO         3028    .text               c_w.l(ferror.o)
    0x0802423c   0x0802423c   0x0000004a   Code   RO         3077    .text               c_w.l(sys_stackheap_outer.o)
    0x08024286   0x08024286   0x00000012   Code   RO         3079    .text               c_w.l(exit.o)
    0x08024298   0x08024298   0x000000ac   Code   RO         2866    CODE                os_cpu_a.o
    0x08024344   0x08024344   0x0000000e   Code   RO         2941    i._is_digit         c_w.l(__printf_wp.o)
    0x08024352   0x08024352   0x00000002   PAD
    0x08024354   0x08024354   0x0000002c   Code   RO         3002    locale$$code        c_w.l(lc_ctype_c.o)
    0x08024380   0x08024380   0x0000000a   Code   RO         3093    x$fpl$fpinit        fz_wm.l(fpinit.o)
    0x0802438a   0x0802438a   0x00000002   PAD
    0x0802438c   0x0802438c   0x00000024   Data   RO         1234    .constdata          malloc.o
    0x080243b0   0x080243b0   0x0000003a   Data   RO         1293    .constdata          ff.o
    0x080243ea   0x080243ea   0x00000002   PAD
    0x080243ec   0x080243ec   0x00000070   Data   RO         1320    .constdata          exfuns.o
    0x0802445c   0x0802445c   0x0002acc8   Data   RO         1380    .constdata          cc936.o
    0x0804f124   0x0804f124   0x0000000c   Data   RO         1610    .constdata          etharp.o
    0x0804f130   0x0804f130   0x00000038   Data   RO         1972    .constdata          memp.o
    0x0804f168   0x0804f168   0x00000050   Data   RO         2098    .constdata          tcp.o
    0x0804f1b8   0x0804f1b8   0x00000004   Data   RO         2255    .constdata          sys_arch.o
    0x0804f1bc   0x0804f1bc   0x00000040   Data   RO         2428    .constdata          sockets.o
    0x0804f1fc   0x0804f1fc   0x00000104   Data   RO         2517    .constdata          cpu_core.o
    0x0804f300   0x0804f300   0x00000094   Data   RO         2597    .constdata          lib_str.o
    0x0804f394   0x0804f394   0x000000a4   Data   RO         2618    .constdata          os_cfg_app.o
    0x0804f438   0x0804f438   0x0000016c   Data   RO         2649    .constdata          os_dbg.o
    0x0804f5a4   0x0804f5a4   0x00000028   Data   RO         2914    .constdata          c_w.l(_printf_hex_int.o)
    0x0804f5cc   0x0804f5cc   0x00000011   Data   RO         2944    .constdata          c_w.l(__printf_flags_wp.o)
    0x0804f5dd   0x0804f5dd   0x00000003   PAD
    0x0804f5e0   0x0804f5e0   0x00000166   Data   RO            5    .conststring        main.o
    0x0804f746   0x0804f746   0x00000002   PAD
    0x0804f748   0x0804f748   0x00000044   Data   RO         1321    .conststring        exfuns.o
    0x0804f78c   0x0804f78c   0x00000044   Data   RO         1611    .conststring        etharp.o
    0x0804f7d0   0x0804f7d0   0x000000a0   Data   RO         1973    .conststring        memp.o
    0x0804f870   0x0804f870   0x0000006d   Data   RO         2099    .conststring        tcp.o
    0x0804f8dd   0x0804f8dd   0x00000003   PAD
    0x0804f8e0   0x0804f8e0   0x00000055   Data   RO         2161    .conststring        tcp_out.o
    0x0804f935   0x0804f935   0x00000003   PAD
    0x0804f938   0x0804f938   0x00000020   Data   RO         3168    Region$$Table       anon$$obj.o
    0x0804f958   0x0804f958   0x00000110   Data   RO         3001    locale$$data        c_w.l(lc_ctype_c.o)


    Execution Region RW_IRAM1 (Exec base: 0x20000000, Load base: 0x0804fa68, Size: 0x0001da58, Max: 0x00020000, ABSOLUTE, COMPRESSED[0x00000088])

    Exec Addr    Load Addr    Size         Type   Attr      Idx    E Section Name        Object

    0x20000000   COMPRESSED   0x0000001c   Data   RW            6    .data               main.o
    0x2000001c   COMPRESSED   0x00000014   Data   RW          402    .data               system_stm32f4xx.o
    0x20000030   COMPRESSED   0x00000010   Data   RW          578    .data               lan8720.o
    0x20000040   COMPRESSED   0x00000023   Data   RW          610    .data               can.o
    0x20000063   COMPRESSED   0x00000004   Data   RW          666    .data               alarm.o
    0x20000067   COMPRESSED   0x00000001   PAD
    0x20000068   COMPRESSED   0x00000004   Data   RW          720    .data               io.o
    0x2000006c   COMPRESSED   0x00000105   Data   RW          748    .data               usart.o
    0x20000171   COMPRESSED   0x00000003   PAD
    0x20000174   COMPRESSED   0x00000010   Data   RW          780    .data               sdio_sdcard.o
    0x20000184   COMPRESSED   0x00000008   Data   RW          867    .data               bq32000.o
    0x2000018c   COMPRESSED   0x00000010   Data   RW          940    .data               stm32f4xx_rcc.o
    0x2000019c   COMPRESSED   0x00000010   Data   RW         1023    .data               stm32f4x7_eth.o
    0x200001ac   COMPRESSED   0x00000004   Data   RW         1189    .data               delay.o
    0x200001b0   COMPRESSED   0x00000024   Data   RW         1235    .data               malloc.o
    0x200001d4   COMPRESSED   0x00000002   Data   RW         1261    .data               diskio.o
    0x200001d6   COMPRESSED   0x00000002   Data   RW         1294    .data               ff.o
    0x200001d8   COMPRESSED   0x00000014   Data   RW         1322    .data               exfuns.o
    0x200001ec   COMPRESSED   0x00000008   Data   RW         1397    .data               lwip_comm.o
    0x200001f4   COMPRESSED   0x00000001   Data   RW         1612    .data               etharp.o
    0x200001f5   COMPRESSED   0x00000003   PAD
    0x200001f8   COMPRESSED   0x00000012   Data   RW         1787    .data               ip.o
    0x2000020a   COMPRESSED   0x00000002   PAD
    0x2000020c   COMPRESSED   0x00000006   Data   RW         1863    .data               ip_frag.o
    0x20000212   COMPRESSED   0x00000002   PAD
    0x20000214   COMPRESSED   0x0000003c   Data   RW         1974    .data               memp.o
    0x20000250   COMPRESSED   0x00000009   Data   RW         2012    .data               netif.o
    0x20000259   COMPRESSED   0x00000003   PAD
    0x2000025c   COMPRESSED   0x00000004   Data   RW         2062    .data               raw.o
    0x20000260   COMPRESSED   0x00000024   Data   RW         2100    .data               tcp.o
    0x20000284   COMPRESSED   0x00000020   Data   RW         2131    .data               tcp_in.o
    0x200002a4   COMPRESSED   0x00000008   Data   RW         2182    .data               timers.o
    0x200002ac   COMPRESSED   0x00000008   Data   RW         2204    .data               udp.o
    0x200002b4   COMPRESSED   0x00000010   Data   RW         2231    .data               mem.o
    0x200002c4   COMPRESSED   0x00000008   Data   RW         2429    .data               sockets.o
    0x200002cc   COMPRESSED   0x00000008   Data   RW         2452    .data               tcpip.o
    0x200002d4   COMPRESSED   0x00000004   Data   RW         2518    .data               cpu_core.o
    0x200002d8   COMPRESSED   0x00000004   Data   RW         2579    .data               lib_mem.o
    0x200002dc   COMPRESSED   0x00000004   Data   RW         2724    .data               os_prio.o
    0x200002e0   COMPRESSED   0x000000b4   Data   RW         2827    .data               os_var.o
    0x20000394   COMPRESSED   0x00000004   Data   RW         2843    .data               os_cpu_c.o
    0x20000398        -       0x000023dc   Zero   RW            4    .bss                main.o
    0x20002774        -       0x0000009a   Zero   RW          609    .bss                can.o
    0x2000280e        -       0x00000c50   Zero   RW          747    .bss                usart.o
    0x2000345e   COMPRESSED   0x00000002   PAD
    0x20003460        -       0x000002c0   Zero   RW          779    .bss                sdio_sdcard.o
    0x20003720        -       0x0000000c   Zero   RW         1022    .bss                stm32f4x7_eth.o
    0x2000372c        -       0x00017e80   Zero   RW         1233    .bss                malloc.o
    0x2001b5ac        -       0x0000000c   Zero   RW         1292    .bss                ff.o
    0x2001b5b8        -       0x00000050   Zero   RW         1319    .bss                exfuns.o
    0x2001b608        -       0x0000010c   Zero   RW         1396    .bss                lwip_comm.o
    0x2001b714        -       0x000000c8   Zero   RW         1609    .bss                etharp.o
    0x2001b7dc        -       0x00000010   Zero   RW         1829    .bss                ip_addr.o
    0x2001b7ec        -       0x00000038   Zero   RW         1971    .bss                memp.o
    0x2001b824        -       0x00000014   Zero   RW         2130    .bss                tcp_in.o
    0x2001b838        -       0x00000028   Zero   RW         2230    .bss                mem.o
    0x2001b860        -       0x000000c4   Zero   RW         2254    .bss                sys_arch.o
    0x2001b924        -       0x00000060   Zero   RW         2427    .bss                sockets.o
    0x2001b984        -       0x00000030   Zero   RW         2451    .bss                tcpip.o
    0x2001b9b4        -       0x00000010   Zero   RW         2516    .bss                cpu_core.o
    0x2001b9c4        -       0x00000448   Zero   RW         2578    .bss                lib_mem.o
    0x2001be0c        -       0x00001150   Zero   RW         2617    .bss                os_cfg_app.o
    0x2001cf5c        -       0x0000049c   Zero   RW         2826    .bss                os_var.o
    0x2001d3f8        -       0x00000060   Zero   RW         3007    .bss                c_w.l(libspace.o)
    0x2001d458        -       0x00000200   Zero   RW          891    HEAP                startup_stm32f40_41xxx.o
    0x2001d658        -       0x00000400   Zero   RW          890    STACK               startup_stm32f40_41xxx.o



  Load Region LR$$.ARM.__AT_0x10000000 (Base: 0x10000000, Size: 0x00000000, Max: 0x0000f000, ABSOLUTE)

    Execution Region ER$$.ARM.__AT_0x10000000 (Exec base: 0x10000000, Load base: 0x10000000, Size: 0x0000f000, Max: 0x0000f000, ABSOLUTE, UNINIT)

    Exec Addr    Load Addr    Size         Type   Attr      Idx    E Section Name        Object

    0x10000000        -       0x0000f000   Zero   RW         1229    .ARM.__AT_0x10000000  malloc.o



  Load Region LR$$.ARM.__AT_0x1000F000 (Base: 0x1000f000, Size: 0x00000000, Max: 0x00000f00, ABSOLUTE)

    Execution Region ER$$.ARM.__AT_0x1000F000 (Exec base: 0x1000f000, Load base: 0x1000f000, Size: 0x00000f00, Max: 0x00000f00, ABSOLUTE, UNINIT)

    Exec Addr    Load Addr    Size         Type   Attr      Idx    E Section Name        Object

    0x1000f000        -       0x00000f00   Zero   RW         1230    .ARM.__AT_0x1000F000  malloc.o



  Load Region LR$$.ARM.__AT_0x68000000 (Base: 0x68000000, Size: 0x00000000, Max: 0x00032000, ABSOLUTE)

    Execution Region ER$$.ARM.__AT_0x68000000 (Exec base: 0x68000000, Load base: 0x68000000, Size: 0x00032000, Max: 0x00032000, ABSOLUTE, UNINIT)

    Exec Addr    Load Addr    Size         Type   Attr      Idx    E Section Name        Object

    0x68000000        -       0x00032000   Zero   RW         1231    .ARM.__AT_0x68000000  malloc.o



  Load Region LR$$.ARM.__AT_0x68032000 (Base: 0x68032000, Size: 0x00000000, Max: 0x00003200, ABSOLUTE)

    Execution Region ER$$.ARM.__AT_0x68032000 (Exec base: 0x68032000, Load base: 0x68032000, Size: 0x00003200, Max: 0x00003200, ABSOLUTE, UNINIT)

    Exec Addr    Load Addr    Size         Type   Attr      Idx    E Section Name        Object

    0x68032000        -       0x00003200   Zero   RW         1232    .ARM.__AT_0x68032000  malloc.o


==============================================================================

Image component sizes


      Code (inc. data)   RO Data    RW Data    ZI Data      Debug   Object Name

      1264          0          0          0          0       6692   24cxx.o
       220         44          0          4          0       1848   alarm.o
      2880        722          0          0          0      18273   api_lib.o
      6228       1226          0          0          0      10747   api_msg.o
       652          4          0          8          0       5465   bq32000.o
       132         14          0          0          0       1259   bsp.o
      3652        104          0         35        154      11027   can.o
       180         18     175304          0          0       1909   cc936.o
        52          0          0          0          0        360   cpu_a.o
       680         14        260          4         16      14935   cpu_core.o
        62          0          0          0          0       1314   def.o
       332         26          0          4          0       1961   delay.o
       444          8          0          2          0       4954   diskio.o
      3708        604         80          1        200      11131   etharp.o
       552        134          0          0          0       4978   ethernetif.o
       408         22        180         20         80       2936   exfuns.o
     12954        136         58          2         12      38502   ff.o
      1060        372          0          0          0       2850   icmp.o
         0          0          0          0          0       5764   inet.o
       692        104          0          0          0       3237   inet_chksum.o
        36          0          0          0          0       4672   init.o
      2512         68          0          4          0       5680   io.o
      1024        174          0         18          0       7239   ip.o
       812        112          0          0         16      10627   ip_addr.o
      2600        486          0          6          0       7004   ip_frag.o
        44          0          0          0          0        738   iwdg.o
       912         56          0         16          0       3857   lan8720.o
       598          0          0          0          0       4008   lib_ascii.o
      2502         32          0          4       1096      22528   lib_mem.o
       544          0          0          0          0        504   lib_mem_a.o
      2348          6        148          0          0      14014   lib_str.o
       500         36          0          8        268      30222   lwip_comm.o
      3296        366        358         28       9180     308232   main.o
       564         18         36         36     380800       5139   malloc.o
      1860        568          0         16         40       4330   mem.o
       468        196        216         60         56       3296   memp.o
       224         20          0          0          0       2037   misc.o
       604         14          0          0          0       1960   myiic.o
       944        340          0          0          0       4273   netbuf.o
       820        126          0          9          0       6689   netif.o
       208        136        164          0       4432      19858   os_cfg_app.o
      3476        272          0          0          0      12523   os_core.o
       172         32          0          0          0        424   os_cpu_a.o
      1016         64          0          4          0       4241   os_cpu_c.o
       424        280        364          0          0       4881   os_dbg.o
      2808         84          0          0          0       8039   os_flag.o
       508         16          0          0          0       2952   os_mem.o
       556         12          0          0          0       2959   os_msg.o
      1932         84          0          0          0       5574   os_mutex.o
       124          4          0          4          0       2032   os_prio.o
      1752         58          0          0          0       6468   os_q.o
      1768         58          0          0          0       6508   os_sem.o
      1448        150          0          0          0       2893   os_stat.o
      4956        188          0          0          0      13702   os_task.o
      1156         74          0          0          0       3497   os_tick.o
      1116         54          0          0          0       3301   os_time.o
      2012        134          0          0          0       6626   os_tmr.o
         0          0          0        180       1180      18193   os_var.o
      4256       1236          0          0          0       9813   pbuf.o
       588        134          0          4          0       3621   raw.o
      7820        474          0         16        704      25622   sdio_sdcard.o
      7280        666         64          8         96      18554   sockets.o
         0          0          0          0          0      38316   sram.o
        64         26        392          0       1536        864   startup_stm32f40_41xxx.o
      3648         96          0         16         12      20194   stm32f4x7_eth.o
      2544         38          0          0          0       8364   stm32f4xx_can.o
       936         32          0          0          0       6617   stm32f4xx_dma.o
       660         44          0          0          0       4377   stm32f4xx_gpio.o
        20          0          0          0          0      71175   stm32f4xx_it.o
        64          6          0          0          0       1437   stm32f4xx_iwdg.o
      1628         52          0         16          0      13316   stm32f4xx_rcc.o
       476         16          0          0          0       7636   stm32f4xx_sdio.o
       148         12          0          0          0       1941   stm32f4xx_syscfg.o
      3234         60          0          0          0      23232   stm32f4xx_tim.o
      1108         34          0          0          0       8104   stm32f4xx_usart.o
        16          0          0          0          0        520   sys.o
      1172        236          4          0        196       6809   sys_arch.o
       528         46          0         20          0       1903   system_stm32f4xx.o
      5260       1092        189         36          0      22403   tcp.o
      6264        964          0         32         20      15371   tcp_in.o
      4934        954         85          0          0      10171   tcp_out.o
       952        194          0          8         48      10384   tcpip.o
       112          4          0          0          0     274416   timer.o
       732        178          0          8          0       3479   timers.o
      1460        204          0          8          0       7342   udp.o
      4668        260          0        261       3152      10845   usart.o

    ----------------------------------------------------------------------
    145380      14928     177944        920     403296    1348688   Object Totals
         0          0         32          0          0          0   (incl. Generated)
        12          0         10         14          2          0   (incl. Padding)

    ----------------------------------------------------------------------

      Code (inc. data)   RO Data    RW Data    ZI Data      Debug   Library Member Name

        90          0          0          0          0          0   __dczerorl2.o
         8          0          0          0          0         68   __main.o
       312          4         17          0          0         92   __printf_flags_wp.o
        14          0          0          0          0         68   __printf_wp.o
         0          0          0          0          0          0   __rtentry.o
        12          0          0          0          0          0   __rtentry2.o
         6          0          0          0          0          0   __rtentry4.o
        52          8          0          0          0          0   __scatter.o
        28          0          0          0          0          0   __scatter_zi.o
        44          0          0          0          0        108   _printf_char.o
        48          6          0          0          0         96   _printf_char_common.o
        36          4          0          0          0         80   _printf_char_file.o
         6          0          0          0          0          0   _printf_d.o
       120         16          0          0          0         92   _printf_dec.o
        88          4         40          0          0         88   _printf_hex_int.o
       178          0          0          0          0         88   _printf_intcommon.o
        78          0          0          0          0        108   _printf_pad.o
         0          0          0          0          0          0   _printf_percent.o
         4          0          0          0          0          0   _printf_percent_end.o
         6          0          0          0          0          0   _printf_s.o
        82          0          0          0          0         80   _printf_str.o
         6          0          0          0          0          0   _printf_x.o
        10          0          0          0          0         68   _sputc.o
        18          0          0          0          0         80   exit.o
         8          0          0          0          0         68   ferror.o
         6          0          0          0          0        152   heapauxi.o
        44         10        272          0          0         76   lc_ctype_c.o
         2          0          0          0          0          0   libinit.o
        24          0          0          0          0          0   libinit2.o
         2          0          0          0          0          0   libshutdown.o
         2          0          0          0          0          0   libshutdown2.o
         8          4          0          0         96         68   libspace.o
        72          0          0          0          0         76   llsdiv.o
       238          0          0          0          0        100   lludivv7m.o
        88          0          0          0          0         76   memcmp.o
        24          4          0          0          0         84   noretval__2printf.o
        40          6          0          0          0         84   noretval__2sprintf.o
        16          4          0          0          0         76   rt_ctype_table.o
         8          4          0          0          0         68   rt_locale_intlibspace.o
        68          0          0          0          0         68   rt_memclr.o
        78          0          0          0          0         80   rt_memclr_w.o
       138          0          0          0          0         68   rt_memcpy_v6.o
       100          0          0          0          0         80   rt_memcpy_w.o
         2          0          0          0          0          0   rtexit.o
        10          0          0          0          0          0   rtexit2.o
       128          0          0          0          0         68   strcmpv7m.o
        72          0          0          0          0         80   strcpy.o
        62          0          0          0          0         76   strlen.o
        74          0          0          0          0         80   sys_stackheap_outer.o
         2          0          0          0          0         68   use_no_semi.o
         2          0          0          0          0         68   use_no_semi_2.o
        10          0          0          0          0        116   fpinit.o

    ----------------------------------------------------------------------
      2592         74        332          0         96       2896   Library Totals
        18          0          3          0          0          0   (incl. Padding)

    ----------------------------------------------------------------------

      Code (inc. data)   RO Data    RW Data    ZI Data      Debug   Library Name

      2564         74        329          0         96       2780   c_w.l
        10          0          0          0          0        116   fz_wm.l

    ----------------------------------------------------------------------
      2592         74        332          0         96       2896   Library Totals

    ----------------------------------------------------------------------

==============================================================================


      Code (inc. data)   RO Data    RW Data    ZI Data      Debug   

    147972      15002     178276        920     403392    1332124   Grand Totals
    147972      15002     178276        136     403392    1332124   ELF Image Totals (compressed)
    147972      15002     178276        136          0          0   ROM Totals

==============================================================================

    Total RO  Size (Code + RO Data)               326248 ( 318.60kB)
    Total RW  Size (RW Data + ZI Data)            404312 ( 394.84kB)
    Total ROM Size (Code + RO Data + RW Data)     326384 ( 318.73kB)

==============================================================================

