<html>
<body>
<pre>
<h1>µVision Build Log</h1>
<h2>Tool Versions:</h2>
IDE-Version: ¦ÌVision V5.33.0.0
Copyright (C) 2020 ARM Ltd and ARM Germany GmbH. All rights reserved.
License Information: wet wet, huawei, LIC=585FJ-U6MYZ-LQZ0Q-NYX0W-4MU3U-NE94H
 
Tool Versions:
Toolchain:       MDK-ARM Plus  Version: 5.33.0.0
Toolchain Path:  D:\kile_software\core\ARM\ARMCC\Bin
C Compiler:      Armcc.exe V5.06 update 7 (build 960)
Assembler:       Armasm.exe V5.06 update 7 (build 960)
Linker/Locator:  ArmLink.exe V5.06 update 7 (build 960)
Library Manager: ArmAr.exe V5.06 update 7 (build 960)
Hex Converter:   FromElf.exe V5.06 update 7 (build 960)
CPU DLL:         SARMCM3.DLL V5.33.0.0
Dialog DLL:      DCM.DLL V1.17.3.0
Target DLL:      STLink\ST-LINKIII-KEIL_SWO.dll V3.0.8.0
Dialog DLL:      TCM.DLL V1.48.0.0
 
<h2>Project:</h2>
F:\KILE_PROJECT\csu30kw-v1.0.4\USER\Template.uvprojx
Project File Date:  10/08/2022

<h2>Output:</h2>
*** Using Compiler 'V5.06 update 7 (build 960)', folder: 'D:\kile_software\core\ARM\ARMCC\Bin'
Build target 'Template'
compiling main.c...
main.c(378): warning:  #177-D: variable "screen_txbuf"  was declared but never referenced
  		u8 screen_txbuf[5]={0};	
main.c(576): warning:  #550-D: variable "p"  was set but never used
  	u8 *p;
main.c(597): warning:  #550-D: variable "p"  was set but never used
  	u8 *p;
main.c(892): warning:  #188-D: enumerated type mixed with another type
  		SetPTCData.s_set_statu = RESET;   //// 
main.c(892): warning:  #69-D: integer conversion resulted in truncation
  		SetPTCData.s_set_statu = RESET;   //// 
main.c(867): warning:  #177-D: function "waring_poweroff"  was declared but never referenced
  static void waring_poweroff(void)
main.c: 6 warnings, 0 errors
compiling usart.c...
..\HARDWARE\USART\usart.c(896): warning:  #177-D: variable "flag_tri"  was declared but never referenced
  	static u8 flag_tri=0;
..\HARDWARE\USART\usart.c: 1 warning, 0 errors
linking...
Program Size: Code=148080 RO-data=178276 RW-data=920 ZI-data=403392  
FromELF: creating hex file...
"..\OBJ\Template.axf" - 0 Error(s), 7 Warning(s).

<h2>Software Packages used:</h2>

Package Vendor: Keil
                http://www.keil.com/pack/Keil.STM32F4xx_DFP.1.0.8.pack
                Keil.STM32F4xx_DFP.1.0.8
                STMicroelectronics STM32F4 Series Device Support, Drivers and Examples

<h2>Collection of Component include folders:</h2>
  D:\kile_software\pack\Keil\STM32F4xx_DFP\1.0.8\Device\Include

<h2>Collection of Component Files used:</h2>
Build Time Elapsed:  00:00:03
</pre>
</body>
</html>
